Archive member included to satisfy reference by file (symbol)

d:/archivosdprograma/stm32cubeide_1.5.0/stm32cubeide/plugins/com.st.stm32cube.ide.mcu.externaltools.gnu-tools-for-stm32.7-2018-q2-update.win32_1.5.0.202011040924/tools/bin/../lib/gcc/arm-none-eabi/7.3.1/../../../../arm-none-eabi/lib/thumb/v7e-m/fpv4-sp/hard\libc_nano.a(lib_a-errno.o)
                              Core/Src/syscalls.o (__errno)
d:/archivosdprograma/stm32cubeide_1.5.0/stm32cubeide/plugins/com.st.stm32cube.ide.mcu.externaltools.gnu-tools-for-stm32.7-2018-q2-update.win32_1.5.0.202011040924/tools/bin/../lib/gcc/arm-none-eabi/7.3.1/../../../../arm-none-eabi/lib/thumb/v7e-m/fpv4-sp/hard\libc_nano.a(lib_a-exit.o)
                              d:/archivosdprograma/stm32cubeide_1.5.0/stm32cubeide/plugins/com.st.stm32cube.ide.mcu.externaltools.gnu-tools-for-stm32.7-2018-q2-update.win32_1.5.0.202011040924/tools/bin/../lib/gcc/arm-none-eabi/7.3.1/../../../../arm-none-eabi/lib/thumb/v7e-m/fpv4-sp/hard/crt0.o (exit)
d:/archivosdprograma/stm32cubeide_1.5.0/stm32cubeide/plugins/com.st.stm32cube.ide.mcu.externaltools.gnu-tools-for-stm32.7-2018-q2-update.win32_1.5.0.202011040924/tools/bin/../lib/gcc/arm-none-eabi/7.3.1/../../../../arm-none-eabi/lib/thumb/v7e-m/fpv4-sp/hard\libc_nano.a(lib_a-impure.o)
                              d:/archivosdprograma/stm32cubeide_1.5.0/stm32cubeide/plugins/com.st.stm32cube.ide.mcu.externaltools.gnu-tools-for-stm32.7-2018-q2-update.win32_1.5.0.202011040924/tools/bin/../lib/gcc/arm-none-eabi/7.3.1/../../../../arm-none-eabi/lib/thumb/v7e-m/fpv4-sp/hard\libc_nano.a(lib_a-exit.o) (_global_impure_ptr)
d:/archivosdprograma/stm32cubeide_1.5.0/stm32cubeide/plugins/com.st.stm32cube.ide.mcu.externaltools.gnu-tools-for-stm32.7-2018-q2-update.win32_1.5.0.202011040924/tools/bin/../lib/gcc/arm-none-eabi/7.3.1/../../../../arm-none-eabi/lib/thumb/v7e-m/fpv4-sp/hard\libc_nano.a(lib_a-init.o)
                              d:/archivosdprograma/stm32cubeide_1.5.0/stm32cubeide/plugins/com.st.stm32cube.ide.mcu.externaltools.gnu-tools-for-stm32.7-2018-q2-update.win32_1.5.0.202011040924/tools/bin/../lib/gcc/arm-none-eabi/7.3.1/../../../../arm-none-eabi/lib/thumb/v7e-m/fpv4-sp/hard/crt0.o (__libc_init_array)
d:/archivosdprograma/stm32cubeide_1.5.0/stm32cubeide/plugins/com.st.stm32cube.ide.mcu.externaltools.gnu-tools-for-stm32.7-2018-q2-update.win32_1.5.0.202011040924/tools/bin/../lib/gcc/arm-none-eabi/7.3.1/../../../../arm-none-eabi/lib/thumb/v7e-m/fpv4-sp/hard\libc_nano.a(lib_a-memset.o)
                              d:/archivosdprograma/stm32cubeide_1.5.0/stm32cubeide/plugins/com.st.stm32cube.ide.mcu.externaltools.gnu-tools-for-stm32.7-2018-q2-update.win32_1.5.0.202011040924/tools/bin/../lib/gcc/arm-none-eabi/7.3.1/../../../../arm-none-eabi/lib/thumb/v7e-m/fpv4-sp/hard/crt0.o (memset)
d:/archivosdprograma/stm32cubeide_1.5.0/stm32cubeide/plugins/com.st.stm32cube.ide.mcu.externaltools.gnu-tools-for-stm32.7-2018-q2-update.win32_1.5.0.202011040924/tools/bin/../lib/gcc/arm-none-eabi/7.3.1/thumb/v7e-m/fpv4-sp/hard\libgcc.a(_aeabi_uldivmod.o)
                              Drivers/STM32L4xx_HAL_Driver/Src/stm32l4xx_hal_uart.o (__aeabi_uldivmod)
d:/archivosdprograma/stm32cubeide_1.5.0/stm32cubeide/plugins/com.st.stm32cube.ide.mcu.externaltools.gnu-tools-for-stm32.7-2018-q2-update.win32_1.5.0.202011040924/tools/bin/../lib/gcc/arm-none-eabi/7.3.1/thumb/v7e-m/fpv4-sp/hard\libgcc.a(_udivmoddi4.o)
                              d:/archivosdprograma/stm32cubeide_1.5.0/stm32cubeide/plugins/com.st.stm32cube.ide.mcu.externaltools.gnu-tools-for-stm32.7-2018-q2-update.win32_1.5.0.202011040924/tools/bin/../lib/gcc/arm-none-eabi/7.3.1/thumb/v7e-m/fpv4-sp/hard\libgcc.a(_aeabi_uldivmod.o) (__udivmoddi4)
d:/archivosdprograma/stm32cubeide_1.5.0/stm32cubeide/plugins/com.st.stm32cube.ide.mcu.externaltools.gnu-tools-for-stm32.7-2018-q2-update.win32_1.5.0.202011040924/tools/bin/../lib/gcc/arm-none-eabi/7.3.1/thumb/v7e-m/fpv4-sp/hard\libgcc.a(_dvmd_tls.o)
                              d:/archivosdprograma/stm32cubeide_1.5.0/stm32cubeide/plugins/com.st.stm32cube.ide.mcu.externaltools.gnu-tools-for-stm32.7-2018-q2-update.win32_1.5.0.202011040924/tools/bin/../lib/gcc/arm-none-eabi/7.3.1/thumb/v7e-m/fpv4-sp/hard\libgcc.a(_aeabi_uldivmod.o) (__aeabi_ldiv0)

Allocating common symbols
Common symbol       size              file

hi2c2               0x4c              Drivers/BSP/STEVAL-STWINKT1/steval_stwinkt1_bus.o
uwTick              0x4               Drivers/STM32L4xx_HAL_Driver/Src/stm32l4xx_hal.o
hadc1               0x68              Core/Src/main.o
parte2              0x1               Core/Src/main.o
buffer              0x3c              Core/Src/main.o
magneto_sensor      0x2c              Core/Src/main.o
magneto_IO          0x1c              Core/Src/main.o
huart2              0x8c              Core/Src/main.o
htim16              0x4c              Core/Src/main.o
magneto_axes        0xc               Core/Src/main.o
parte1              0x3               Core/Src/main.o
[...]
Memory Configuration

Name             Origin             Length             Attributes
RAM              0x0000000020000000 0x00000000000a0000 xrw
FLASH            0x0000000008000000 0x0000000000200000 xr
*default*        0x0000000000000000 0xffffffffffffffff

Linker script and memory map

LOAD d:/archivosdprograma/stm32cubeide_1.5.0/stm32cubeide/plugins/com.st.stm32cube.ide.mcu.externaltools.gnu-tools-for-stm32.7-2018-q2-update.win32_1.5.0.202011040924/tools/bin/../lib/gcc/arm-none-eabi/7.3.1/thumb/v7e-m/fpv4-sp/hard/crti.o
LOAD d:/archivosdprograma/stm32cubeide_1.5.0/stm32cubeide/plugins/com.st.stm32cube.ide.mcu.externaltools.gnu-tools-for-stm32.7-2018-q2-update.win32_1.5.0.202011040924/tools/bin/../lib/gcc/arm-none-eabi/7.3.1/thumb/v7e-m/fpv4-sp/hard/crtbegin.o
LOAD d:/archivosdprograma/stm32cubeide_1.5.0/stm32cubeide/plugins/com.st.stm32cube.ide.mcu.externaltools.gnu-tools-for-stm32.7-2018-q2-update.win32_1.5.0.202011040924/tools/bin/../lib/gcc/arm-none-eabi/7.3.1/../../../../arm-none-eabi/lib/thumb/v7e-m/fpv4-sp/hard/crt0.o
LOAD Core/Src/main.o
LOAD Core/Src/stm32l4xx_hal_msp.o
LOAD Core/Src/stm32l4xx_it.o
LOAD Core/Src/syscalls.o
LOAD Core/Src/sysmem.o
LOAD Core/Src/system_stm32l4xx.o
LOAD Core/Startup/startup_stm32l4r9zijx.o
LOAD Drivers/BSP/Components/iis2mdc/iis2mdc.o
LOAD Drivers/BSP/Components/iis2mdc/iis2mdc_reg.o
LOAD Drivers/BSP/STEVAL-STWINKT1/steval_stwinkt1_bus.o
LOAD Drivers/STM32L4xx_HAL_Driver/Src/stm32l4xx_hal.o
LOAD Drivers/STM32L4xx_HAL_Driver/Src/stm32l4xx_hal_adc.o
LOAD Drivers/STM32L4xx_HAL_Driver/Src/stm32l4xx_hal_adc_ex.o
LOAD Drivers/STM32L4xx_HAL_Driver/Src/stm32l4xx_hal_cortex.o
LOAD Drivers/STM32L4xx_HAL_Driver/Src/stm32l4xx_hal_dma.o
LOAD Drivers/STM32L4xx_HAL_Driver/Src/stm32l4xx_hal_dma_ex.o
LOAD Drivers/STM32L4xx_HAL_Driver/Src/stm32l4xx_hal_exti.o
LOAD Drivers/STM32L4xx_HAL_Driver/Src/stm32l4xx_hal_flash.o
LOAD Drivers/STM32L4xx_HAL_Driver/Src/stm32l4xx_hal_flash_ex.o
LOAD Drivers/STM32L4xx_HAL_Driver/Src/stm32l4xx_hal_flash_ramfunc.o
LOAD Drivers/STM32L4xx_HAL_Driver/Src/stm32l4xx_hal_gpio.o
LOAD Drivers/STM32L4xx_HAL_Driver/Src/stm32l4xx_hal_i2c.o
LOAD Drivers/STM32L4xx_HAL_Driver/Src/stm32l4xx_hal_i2c_ex.o
LOAD Drivers/STM32L4xx_HAL_Driver/Src/stm32l4xx_hal_pwr.o
LOAD Drivers/STM32L4xx_HAL_Driver/Src/stm32l4xx_hal_pwr_ex.o
LOAD Drivers/STM32L4xx_HAL_Driver/Src/stm32l4xx_hal_rcc.o
LOAD Drivers/STM32L4xx_HAL_Driver/Src/stm32l4xx_hal_rcc_ex.o
LOAD Drivers/STM32L4xx_HAL_Driver/Src/stm32l4xx_hal_tim.o
LOAD Drivers/STM32L4xx_HAL_Driver/Src/stm32l4xx_hal_tim_ex.o
LOAD Drivers/STM32L4xx_HAL_Driver/Src/stm32l4xx_hal_uart.o
LOAD Drivers/STM32L4xx_HAL_Driver/Src/stm32l4xx_hal_uart_ex.o
START GROUP
LOAD d:/archivosdprograma/stm32cubeide_1.5.0/stm32cubeide/plugins/com.st.stm32cube.ide.mcu.externaltools.gnu-tools-for-stm32.7-2018-q2-update.win32_1.5.0.202011040924/tools/bin/../lib/gcc/arm-none-eabi/7.3.1/../../../../arm-none-eabi/lib/thumb/v7e-m/fpv4-sp/hard\libc_nano.a
LOAD d:/archivosdprograma/stm32cubeide_1.5.0/stm32cubeide/plugins/com.st.stm32cube.ide.mcu.externaltools.gnu-tools-for-stm32.7-2018-q2-update.win32_1.5.0.202011040924/tools/bin/../lib/gcc/arm-none-eabi/7.3.1/../../../../arm-none-eabi/lib/thumb/v7e-m/fpv4-sp/hard\libm.a
END GROUP
START GROUP
LOAD d:/archivosdprograma/stm32cubeide_1.5.0/stm32cubeide/plugins/com.st.stm32cube.ide.mcu.externaltools.gnu-tools-for-stm32.7-2018-q2-update.win32_1.5.0.202011040924/tools/bin/../lib/gcc/arm-none-eabi/7.3.1/thumb/v7e-m/fpv4-sp/hard\libgcc.a
LOAD d:/archivosdprograma/stm32cubeide_1.5.0/stm32cubeide/plugins/com.st.stm32cube.ide.mcu.externaltools.gnu-tools-for-stm32.7-2018-q2-update.win32_1.5.0.202011040924/tools/bin/../lib/gcc/arm-none-eabi/7.3.1/../../../../arm-none-eabi/lib/thumb/v7e-m/fpv4-sp/hard\libc_nano.a
END GROUP
START GROUP
LOAD d:/archivosdprograma/stm32cubeide_1.5.0/stm32cubeide/plugins/com.st.stm32cube.ide.mcu.externaltools.gnu-tools-for-stm32.7-2018-q2-update.win32_1.5.0.202011040924/tools/bin/../lib/gcc/arm-none-eabi/7.3.1/thumb/v7e-m/fpv4-sp/hard\libgcc.a
LOAD d:/archivosdprograma/stm32cubeide_1.5.0/stm32cubeide/plugins/com.st.stm32cube.ide.mcu.externaltools.gnu-tools-for-stm32.7-2018-q2-update.win32_1.5.0.202011040924/tools/bin/../lib/gcc/arm-none-eabi/7.3.1/../../../../arm-none-eabi/lib/thumb/v7e-m/fpv4-sp/hard\libc_nano.a
LOAD d:/archivosdprograma/stm32cubeide_1.5.0/stm32cubeide/plugins/com.st.stm32cube.ide.mcu.externaltools.gnu-tools-for-stm32.7-2018-q2-update.win32_1.5.0.202011040924/tools/bin/../lib/gcc/arm-none-eabi/7.3.1/../../../../arm-none-eabi/lib/thumb/v7e-m/fpv4-sp/hard\libnosys.a
END GROUP
START GROUP
LOAD d:/archivosdprograma/stm32cubeide_1.5.0/stm32cubeide/plugins/com.st.stm32cube.ide.mcu.externaltools.gnu-tools-for-stm32.7-2018-q2-update.win32_1.5.0.202011040924/tools/bin/../lib/gcc/arm-none-eabi/7.3.1/thumb/v7e-m/fpv4-sp/hard\libgcc.a
LOAD d:/archivosdprograma/stm32cubeide_1.5.0/stm32cubeide/plugins/com.st.stm32cube.ide.mcu.externaltools.gnu-tools-for-stm32.7-2018-q2-update.win32_1.5.0.202011040924/tools/bin/../lib/gcc/arm-none-eabi/7.3.1/../../../../arm-none-eabi/lib/thumb/v7e-m/fpv4-sp/hard\libc_nano.a
LOAD d:/archivosdprograma/stm32cubeide_1.5.0/stm32cubeide/plugins/com.st.stm32cube.ide.mcu.externaltools.gnu-tools-for-stm32.7-2018-q2-update.win32_1.5.0.202011040924/tools/bin/../lib/gcc/arm-none-eabi/7.3.1/../../../../arm-none-eabi/lib/thumb/v7e-m/fpv4-sp/hard\libnosys.a
END GROUP
LOAD d:/archivosdprograma/stm32cubeide_1.5.0/stm32cubeide/plugins/com.st.stm32cube.ide.mcu.externaltools.gnu-tools-for-stm32.7-2018-q2-update.win32_1.5.0.202011040924/tools/bin/../lib/gcc/arm-none-eabi/7.3.1/thumb/v7e-m/fpv4-sp/hard/crtend.o
LOAD d:/archivosdprograma/stm32cubeide_1.5.0/stm32cubeide/plugins/com.st.stm32cube.ide.mcu.externaltools.gnu-tools-for-stm32.7-2018-q2-update.win32_1.5.0.202011040924/tools/bin/../lib/gcc/arm-none-eabi/7.3.1/thumb/v7e-m/fpv4-sp/hard/crtn.o
                0x00000000200a0000                _estack = (ORIGIN (RAM) + LENGTH (RAM))
                0x0000000000000200                _Min_Heap_Size = 0x200
                0x0000000000000400                _Min_Stack_Size = 0x400

.isr_vector     0x0000000008000000      0x1bc
                0x0000000008000000                . = ALIGN (0x4)
 *(.isr_vector)
 .isr_vector    0x0000000008000000      0x1bc Core/Startup/startup_stm32l4r9zijx.o
                0x0000000008000000                g_pfnVectors
                0x00000000080001bc                . = ALIGN (0x4)

.text           0x00000000080001bc     0x6c70
                0x00000000080001bc                . = ALIGN (0x4)
 *(.text)
 .text          0x00000000080001bc       0x40 d:/archivosdprograma/stm32cubeide_1.5.0/stm32cubeide/plugins/com.st.stm32cube.ide.mcu.externaltools.gnu-tools-for-stm32.7-2018-q2-update.win32_1.5.0.202011040924/tools/bin/../lib/gcc/arm-none-eabi/7.3.1/thumb/v7e-m/fpv4-sp/hard/crtbegin.o
 .text          0x00000000080001fc       0x30 d:/archivosdprograma/stm32cubeide_1.5.0/stm32cubeide/plugins/com.st.stm32cube.ide.mcu.externaltools.gnu-tools-for-stm32.7-2018-q2-update.win32_1.5.0.202011040924/tools/bin/../lib/gcc/arm-none-eabi/7.3.1/thumb/v7e-m/fpv4-sp/hard\libgcc.a(_aeabi_uldivmod.o)
                0x00000000080001fc                __aeabi_uldivmod
 .text          0x000000000800022c      0x2cc d:/archivosdprograma/stm32cubeide_1.5.0/stm32cubeide/plugins/com.st.stm32cube.ide.mcu.externaltools.gnu-tools-for-stm32.7-2018-q2-update.win32_1.5.0.202011040924/tools/bin/../lib/gcc/arm-none-eabi/7.3.1/thumb/v7e-m/fpv4-sp/hard\libgcc.a(_udivmoddi4.o)
                0x000000000800022c                __udivmoddi4
 .text          0x00000000080004f8        0x4 d:/archivosdprograma/stm32cubeide_1.5.0/stm32cubeide/plugins/com.st.stm32cube.ide.mcu.externaltools.gnu-tools-for-stm32.7-2018-q2-update.win32_1.5.0.202011040924/tools/bin/../lib/gcc/arm-none-eabi/7.3.1/thumb/v7e-m/fpv4-sp/hard\libgcc.a(_dvmd_tls.o)
                0x00000000080004f8                __aeabi_idiv0
                0x00000000080004f8                __aeabi_ldiv0
 *(.text*)
 .text.main     0x00000000080004fc      0x168 Core/Src/main.o
                0x00000000080004fc                main
 .text.SystemClock_Config
                0x0000000008000664      0x104 Core/Src/main.o
                0x0000000008000664                SystemClock_Config
 .text.MX_ADC1_Init
                0x0000000008000768       0xc8 Core/Src/main.o
 .text.MX_TIM16_Init
                0x0000000008000830       0x4c Core/Src/main.o
 .text.MX_USART2_UART_Init
                0x000000000800087c       0x98 Core/Src/main.o
 .text.MX_GPIO_Init
                0x0000000008000914      0x5ac Core/Src/main.o
 .text.HAL_TIM_PeriodElapsedCallback
                0x0000000008000ec0       0x2c Core/Src/main.o
                0x0000000008000ec0                HAL_TIM_PeriodElapsedCallback
 .text.Error_Handler
                0x0000000008000eec        0x8 Core/Src/main.o
                0x0000000008000eec                Error_Handler
 .text.HAL_MspInit
                0x0000000008000ef4       0x48 Core/Src/stm32l4xx_hal_msp.o
                0x0000000008000ef4                HAL_MspInit
 .text.HAL_ADC_MspInit
                0x0000000008000f3c       0xb0 Core/Src/stm32l4xx_hal_msp.o
                0x0000000008000f3c                HAL_ADC_MspInit
 .text.HAL_TIM_Base_MspInit
                0x0000000008000fec       0x4c Core/Src/stm32l4xx_hal_msp.o
                0x0000000008000fec                HAL_TIM_Base_MspInit
 .text.HAL_UART_MspInit
                0x0000000008001038       0x98 Core/Src/stm32l4xx_hal_msp.o
                0x0000000008001038                HAL_UART_MspInit
 .text.NMI_Handler
                0x00000000080010d0        0x6 Core/Src/stm32l4xx_it.o
                0x00000000080010d0                NMI_Handler
 .text.HardFault_Handler
                0x00000000080010d6        0x6 Core/Src/stm32l4xx_it.o
                0x00000000080010d6                HardFault_Handler
 .text.MemManage_Handler
                0x00000000080010dc        0x6 Core/Src/stm32l4xx_it.o
                0x00000000080010dc                MemManage_Handler
 .text.BusFault_Handler
                0x00000000080010e2        0x6 Core/Src/stm32l4xx_it.o
                0x00000000080010e2                BusFault_Handler
 .text.UsageFault_Handler
                0x00000000080010e8        0x6 Core/Src/stm32l4xx_it.o
                0x00000000080010e8                UsageFault_Handler
 .text.SVC_Handler
                0x00000000080010ee        0xe Core/Src/stm32l4xx_it.o
                0x00000000080010ee                SVC_Handler
 .text.DebugMon_Handler
                0x00000000080010fc        0xe Core/Src/stm32l4xx_it.o
                0x00000000080010fc                DebugMon_Handler
 .text.PendSV_Handler
                0x000000000800110a        0xe Core/Src/stm32l4xx_it.o
                0x000000000800110a                PendSV_Handler
 .text.SysTick_Handler
                0x0000000008001118        0xc Core/Src/stm32l4xx_it.o
                0x0000000008001118                SysTick_Handler
 .text.TIM1_UP_TIM16_IRQHandler
                0x0000000008001124       0x14 Core/Src/stm32l4xx_it.o
                0x0000000008001124                TIM1_UP_TIM16_IRQHandler
 .text.USART2_IRQHandler
                0x0000000008001138       0x14 Core/Src/stm32l4xx_it.o
                0x0000000008001138                USART2_IRQHandler
 .text.SystemInit
                0x000000000800114c       0x6c Core/Src/system_stm32l4xx.o
                0x000000000800114c                SystemInit
 .text.Reset_Handler
                0x00000000080011b8       0x50 Core/Startup/startup_stm32l4r9zijx.o
                0x00000000080011b8                Reset_Handler
 .text.Default_Handler
                0x0000000008001208        0x2 Core/Startup/startup_stm32l4r9zijx.o
                0x0000000008001208                RTC_Alarm_IRQHandler
                0x0000000008001208                EXTI2_IRQHandler
                0x0000000008001208                TIM8_TRG_COM_IRQHandler
                0x0000000008001208                TIM8_CC_IRQHandler
                0x0000000008001208                TIM1_CC_IRQHandler
                0x0000000008001208                TSC_IRQHandler
                0x0000000008001208                TAMP_STAMP_IRQHandler
                0x0000000008001208                EXTI3_IRQHandler
                0x0000000008001208                LPTIM2_IRQHandler
                0x0000000008001208                DFSDM1_FLT1_IRQHandler
                0x0000000008001208                GFXMMU_IRQHandler
                0x0000000008001208                I2C3_ER_IRQHandler
                0x0000000008001208                DFSDM1_FLT2_IRQHandler
                0x0000000008001208                EXTI0_IRQHandler
                0x0000000008001208                I2C2_EV_IRQHandler
                0x0000000008001208                CAN1_RX0_IRQHandler
                0x0000000008001208                FPU_IRQHandler
                0x0000000008001208                LTDC_ER_IRQHandler
                0x0000000008001208                SPI1_IRQHandler
                0x0000000008001208                OCTOSPI1_IRQHandler
                0x0000000008001208                TIM6_DAC_IRQHandler
                0x0000000008001208                DCMI_IRQHandler
                0x0000000008001208                TIM8_UP_IRQHandler
                0x0000000008001208                OCTOSPI2_IRQHandler
                0x0000000008001208                DMA2_Channel2_IRQHandler
                0x0000000008001208                DMA1_Channel4_IRQHandler
                0x0000000008001208                SAI2_IRQHandler
                0x0000000008001208                ADC1_IRQHandler
                0x0000000008001208                DFSDM1_FLT3_IRQHandler
                0x0000000008001208                USART3_IRQHandler
                0x0000000008001208                DMA1_Channel7_IRQHandler
                0x0000000008001208                CAN1_RX1_IRQHandler
                0x0000000008001208                UART5_IRQHandler
                0x0000000008001208                TIM4_IRQHandler
                0x0000000008001208                DMA2_Channel1_IRQHandler
                0x0000000008001208                I2C1_EV_IRQHandler
                0x0000000008001208                DMAMUX1_OVR_IRQHandler
                0x0000000008001208                DMA1_Channel6_IRQHandler
                0x0000000008001208                UART4_IRQHandler
                0x0000000008001208                DMA2_Channel4_IRQHandler
                0x0000000008001208                TIM3_IRQHandler
                0x0000000008001208                RCC_IRQHandler
                0x0000000008001208                DMA1_Channel1_IRQHandler
                0x0000000008001208                Default_Handler
                0x0000000008001208                DMA2_Channel7_IRQHandler
                0x0000000008001208                EXTI15_10_IRQHandler
                0x0000000008001208                TIM7_IRQHandler
                0x0000000008001208                SDMMC1_IRQHandler
                0x0000000008001208                TIM5_IRQHandler
                0x0000000008001208                I2C3_EV_IRQHandler
                0x0000000008001208                EXTI9_5_IRQHandler
                0x0000000008001208                RTC_WKUP_IRQHandler
                0x0000000008001208                LTDC_IRQHandler
                0x0000000008001208                PVD_PVM_IRQHandler
                0x0000000008001208                SPI2_IRQHandler
                0x0000000008001208                CAN1_TX_IRQHandler
                0x0000000008001208                DMA2_Channel5_IRQHandler
                0x0000000008001208                CRS_IRQHandler
                0x0000000008001208                DMA1_Channel5_IRQHandler
                0x0000000008001208                EXTI4_IRQHandler
                0x0000000008001208                RNG_IRQHandler
                0x0000000008001208                TIM1_TRG_COM_TIM17_IRQHandler
                0x0000000008001208                DMA1_Channel3_IRQHandler
                0x0000000008001208                COMP_IRQHandler
                0x0000000008001208                DSI_IRQHandler
                0x0000000008001208                WWDG_IRQHandler
                0x0000000008001208                I2C4_EV_IRQHandler
                0x0000000008001208                LPUART1_IRQHandler
                0x0000000008001208                DMA2_Channel6_IRQHandler
                0x0000000008001208                TIM2_IRQHandler
                0x0000000008001208                DMA2D_IRQHandler
                0x0000000008001208                EXTI1_IRQHandler
                0x0000000008001208                DFSDM1_FLT0_IRQHandler
                0x0000000008001208                I2C2_ER_IRQHandler
                0x0000000008001208                DMA1_Channel2_IRQHandler
                0x0000000008001208                TIM8_BRK_IRQHandler
                0x0000000008001208                CAN1_SCE_IRQHandler
                0x0000000008001208                FLASH_IRQHandler
                0x0000000008001208                USART1_IRQHandler
                0x0000000008001208                OTG_FS_IRQHandler
                0x0000000008001208                SPI3_IRQHandler
                0x0000000008001208                I2C1_ER_IRQHandler
                0x0000000008001208                FMC_IRQHandler
                0x0000000008001208                LPTIM1_IRQHandler
                0x0000000008001208                I2C4_ER_IRQHandler
                0x0000000008001208                SAI1_IRQHandler
                0x0000000008001208                DMA2_Channel3_IRQHandler
                0x0000000008001208                TIM1_BRK_TIM15_IRQHandler
 *fill*         0x000000000800120a        0x2 
 .text.IIS2MDC_RegisterBusIO
                0x000000000800120c       0xec Drivers/BSP/Components/iis2mdc/iis2mdc.o
                0x000000000800120c                IIS2MDC_RegisterBusIO
 .text.IIS2MDC_Init
                0x00000000080012f8       0x7a Drivers/BSP/Components/iis2mdc/iis2mdc.o
                0x00000000080012f8                IIS2MDC_Init
 .text.IIS2MDC_MAG_Enable
                0x0000000008001372       0x40 Drivers/BSP/Components/iis2mdc/iis2mdc.o
                0x0000000008001372                IIS2MDC_MAG_Enable
 .text.IIS2MDC_MAG_GetSensitivity
                0x00000000080013b2       0x20 Drivers/BSP/Components/iis2mdc/iis2mdc.o
                0x00000000080013b2                IIS2MDC_MAG_GetSensitivity
 .text.IIS2MDC_MAG_GetAxes
                0x00000000080013d2       0x9c Drivers/BSP/Components/iis2mdc/iis2mdc.o
                0x00000000080013d2                IIS2MDC_MAG_GetAxes
 .text.IIS2MDC_Write_Reg
                0x000000000800146e       0x36 Drivers/BSP/Components/iis2mdc/iis2mdc.o
                0x000000000800146e                IIS2MDC_Write_Reg
 .text.ReadMagRegWrap
                0x00000000080014a4       0x62 Drivers/BSP/Components/iis2mdc/iis2mdc.o
 .text.WriteMagRegWrap
                0x0000000008001506       0x62 Drivers/BSP/Components/iis2mdc/iis2mdc.o
 .text.iis2mdc_read_reg
                0x0000000008001568       0x30 Drivers/BSP/Components/iis2mdc/iis2mdc_reg.o
                0x0000000008001568                iis2mdc_read_reg
 .text.iis2mdc_write_reg
                0x0000000008001598       0x30 Drivers/BSP/Components/iis2mdc/iis2mdc_reg.o
                0x0000000008001598                iis2mdc_write_reg
 .text.iis2mdc_operating_mode_set
                0x00000000080015c8       0x4c Drivers/BSP/Components/iis2mdc/iis2mdc_reg.o
                0x00000000080015c8                iis2mdc_operating_mode_set
 .text.iis2mdc_data_rate_set
                0x0000000008001614       0x4c Drivers/BSP/Components/iis2mdc/iis2mdc_reg.o
                0x0000000008001614                iis2mdc_data_rate_set
 .text.iis2mdc_block_data_update_set
                0x0000000008001660       0x4c Drivers/BSP/Components/iis2mdc/iis2mdc_reg.o
                0x0000000008001660                iis2mdc_block_data_update_set
 .text.iis2mdc_magnetic_raw_get
                0x00000000080016ac       0x96 Drivers/BSP/Components/iis2mdc/iis2mdc_reg.o
                0x00000000080016ac                iis2mdc_magnetic_raw_get
 .text.iis2mdc_self_test_set
                0x0000000008001742       0x4c Drivers/BSP/Components/iis2mdc/iis2mdc_reg.o
                0x0000000008001742                iis2mdc_self_test_set
 .text.iis2mdc_i2c_interface_set
                0x000000000800178e       0x4c Drivers/BSP/Components/iis2mdc/iis2mdc_reg.o
                0x000000000800178e                iis2mdc_i2c_interface_set
 *fill*         0x00000000080017da        0x2 
 .text.BSP_I2C2_Init
                0x00000000080017dc       0x7c Drivers/BSP/STEVAL-STWINKT1/steval_stwinkt1_bus.o
                0x00000000080017dc                BSP_I2C2_Init
 .text.BSP_I2C2_DeInit
                0x0000000008001858       0x50 Drivers/BSP/STEVAL-STWINKT1/steval_stwinkt1_bus.o
                0x0000000008001858                BSP_I2C2_DeInit
 .text.BSP_I2C2_WriteReg
                0x00000000080018a8       0x64 Drivers/BSP/STEVAL-STWINKT1/steval_stwinkt1_bus.o
                0x00000000080018a8                BSP_I2C2_WriteReg
 .text.BSP_I2C2_ReadReg
                0x000000000800190c       0x64 Drivers/BSP/STEVAL-STWINKT1/steval_stwinkt1_bus.o
                0x000000000800190c                BSP_I2C2_ReadReg
 .text.BSP_GetTick
                0x0000000008001970        0xe Drivers/BSP/STEVAL-STWINKT1/steval_stwinkt1_bus.o
                0x0000000008001970                BSP_GetTick
 *fill*         0x000000000800197e        0x2 
 .text.MX_I2C2_Init
                0x0000000008001980       0x88 Drivers/BSP/STEVAL-STWINKT1/steval_stwinkt1_bus.o
                0x0000000008001980                MX_I2C2_Init
 .text.I2C2_MspInit
                0x0000000008001a08       0xa8 Drivers/BSP/STEVAL-STWINKT1/steval_stwinkt1_bus.o
 .text.I2C2_MspDeInit
                0x0000000008001ab0       0x3c Drivers/BSP/STEVAL-STWINKT1/steval_stwinkt1_bus.o
 .text.HAL_Init
                0x0000000008001aec       0x30 Drivers/STM32L4xx_HAL_Driver/Src/stm32l4xx_hal.o
                0x0000000008001aec                HAL_Init
 .text.HAL_InitTick
                0x0000000008001b1c       0x78 Drivers/STM32L4xx_HAL_Driver/Src/stm32l4xx_hal.o
                0x0000000008001b1c                HAL_InitTick
 .text.HAL_IncTick
                0x0000000008001b94       0x28 Drivers/STM32L4xx_HAL_Driver/Src/stm32l4xx_hal.o
                0x0000000008001b94                HAL_IncTick
 .text.HAL_GetTick
                0x0000000008001bbc       0x18 Drivers/STM32L4xx_HAL_Driver/Src/stm32l4xx_hal.o
                0x0000000008001bbc                HAL_GetTick
 .text.LL_ADC_SetCommonClock
                0x0000000008001bd4       0x26 Drivers/STM32L4xx_HAL_Driver/Src/stm32l4xx_hal_adc.o
 .text.LL_ADC_SetCommonPathInternalCh
                0x0000000008001bfa       0x26 Drivers/STM32L4xx_HAL_Driver/Src/stm32l4xx_hal_adc.o
 .text.LL_ADC_GetCommonPathInternalCh
                0x0000000008001c20       0x1c Drivers/STM32L4xx_HAL_Driver/Src/stm32l4xx_hal_adc.o
 .text.LL_ADC_SetOffset
                0x0000000008001c3c       0x48 Drivers/STM32L4xx_HAL_Driver/Src/stm32l4xx_hal_adc.o
 .text.LL_ADC_GetOffsetChannel
                0x0000000008001c84       0x2c Drivers/STM32L4xx_HAL_Driver/Src/stm32l4xx_hal_adc.o
 .text.LL_ADC_SetOffsetState
                0x0000000008001cb0       0x36 Drivers/STM32L4xx_HAL_Driver/Src/stm32l4xx_hal_adc.o
 .text.LL_ADC_SetSamplingTimeCommonConfig
                0x0000000008001ce6       0x26 Drivers/STM32L4xx_HAL_Driver/Src/stm32l4xx_hal_adc.o
 .text.LL_ADC_REG_SetSequencerRanks
                0x0000000008001d0c       0x58 Drivers/STM32L4xx_HAL_Driver/Src/stm32l4xx_hal_adc.o
 .text.LL_ADC_SetChannelSamplingTime
                0x0000000008001d64       0x56 Drivers/STM32L4xx_HAL_Driver/Src/stm32l4xx_hal_adc.o
 *fill*         0x0000000008001dba        0x2 
 .text.LL_ADC_SetChannelSingleDiff
                0x0000000008001dbc       0x48 Drivers/STM32L4xx_HAL_Driver/Src/stm32l4xx_hal_adc.o
 .text.LL_ADC_DisableDeepPowerDown
                0x0000000008001e04       0x24 Drivers/STM32L4xx_HAL_Driver/Src/stm32l4xx_hal_adc.o
 .text.LL_ADC_IsDeepPowerDownEnabled
                0x0000000008001e28       0x28 Drivers/STM32L4xx_HAL_Driver/Src/stm32l4xx_hal_adc.o
 .text.LL_ADC_EnableInternalRegulator
                0x0000000008001e50       0x28 Drivers/STM32L4xx_HAL_Driver/Src/stm32l4xx_hal_adc.o
 .text.LL_ADC_IsInternalRegulatorEnabled
                0x0000000008001e78       0x28 Drivers/STM32L4xx_HAL_Driver/Src/stm32l4xx_hal_adc.o
 .text.LL_ADC_IsEnabled
                0x0000000008001ea0       0x26 Drivers/STM32L4xx_HAL_Driver/Src/stm32l4xx_hal_adc.o
 .text.LL_ADC_REG_IsConversionOngoing
                0x0000000008001ec6       0x26 Drivers/STM32L4xx_HAL_Driver/Src/stm32l4xx_hal_adc.o
 .text.LL_ADC_INJ_IsConversionOngoing
                0x0000000008001eec       0x26 Drivers/STM32L4xx_HAL_Driver/Src/stm32l4xx_hal_adc.o
 *fill*         0x0000000008001f12        0x2 
 .text.HAL_ADC_Init
                0x0000000008001f14      0x294 Drivers/STM32L4xx_HAL_Driver/Src/stm32l4xx_hal_adc.o
                0x0000000008001f14                HAL_ADC_Init
 .text.HAL_ADC_ConfigChannel
                0x00000000080021a8      0x7f4 Drivers/STM32L4xx_HAL_Driver/Src/stm32l4xx_hal_adc.o
                0x00000000080021a8                HAL_ADC_ConfigChannel
 .text.__NVIC_SetPriorityGrouping
                0x000000000800299c       0x48 Drivers/STM32L4xx_HAL_Driver/Src/stm32l4xx_hal_cortex.o
 .text.__NVIC_GetPriorityGrouping
                0x00000000080029e4       0x1c Drivers/STM32L4xx_HAL_Driver/Src/stm32l4xx_hal_cortex.o
 .text.__NVIC_EnableIRQ
                0x0000000008002a00       0x3c Drivers/STM32L4xx_HAL_Driver/Src/stm32l4xx_hal_cortex.o
 .text.__NVIC_SetPriority
                0x0000000008002a3c       0x54 Drivers/STM32L4xx_HAL_Driver/Src/stm32l4xx_hal_cortex.o
 .text.NVIC_EncodePriority
                0x0000000008002a90       0x66 Drivers/STM32L4xx_HAL_Driver/Src/stm32l4xx_hal_cortex.o
 *fill*         0x0000000008002af6        0x2 
 .text.SysTick_Config
                0x0000000008002af8       0x44 Drivers/STM32L4xx_HAL_Driver/Src/stm32l4xx_hal_cortex.o
 .text.HAL_NVIC_SetPriorityGrouping
                0x0000000008002b3c       0x16 Drivers/STM32L4xx_HAL_Driver/Src/stm32l4xx_hal_cortex.o
                0x0000000008002b3c                HAL_NVIC_SetPriorityGrouping
 .text.HAL_NVIC_SetPriority
                0x0000000008002b52       0x38 Drivers/STM32L4xx_HAL_Driver/Src/stm32l4xx_hal_cortex.o
                0x0000000008002b52                HAL_NVIC_SetPriority
 .text.HAL_NVIC_EnableIRQ
                0x0000000008002b8a       0x1c Drivers/STM32L4xx_HAL_Driver/Src/stm32l4xx_hal_cortex.o
                0x0000000008002b8a                HAL_NVIC_EnableIRQ
 .text.HAL_SYSTICK_Config
                0x0000000008002ba6       0x18 Drivers/STM32L4xx_HAL_Driver/Src/stm32l4xx_hal_cortex.o
                0x0000000008002ba6                HAL_SYSTICK_Config
 .text.HAL_DMA_Abort_IT
                0x0000000008002bbe       0xbe Drivers/STM32L4xx_HAL_Driver/Src/stm32l4xx_hal_dma.o
                0x0000000008002bbe                HAL_DMA_Abort_IT
 .text.HAL_GPIO_Init
                0x0000000008002c7c      0x324 Drivers/STM32L4xx_HAL_Driver/Src/stm32l4xx_hal_gpio.o
                0x0000000008002c7c                HAL_GPIO_Init
 .text.HAL_GPIO_DeInit
                0x0000000008002fa0      0x1e4 Drivers/STM32L4xx_HAL_Driver/Src/stm32l4xx_hal_gpio.o
                0x0000000008002fa0                HAL_GPIO_DeInit
 .text.HAL_GPIO_WritePin
                0x0000000008003184       0x30 Drivers/STM32L4xx_HAL_Driver/Src/stm32l4xx_hal_gpio.o
                0x0000000008003184                HAL_GPIO_WritePin
 .text.HAL_GPIO_TogglePin
                0x00000000080031b4       0x34 Drivers/STM32L4xx_HAL_Driver/Src/stm32l4xx_hal_gpio.o
                0x00000000080031b4                HAL_GPIO_TogglePin
 .text.HAL_I2C_Init
                0x00000000080031e8      0x11e Drivers/STM32L4xx_HAL_Driver/Src/stm32l4xx_hal_i2c.o
                0x00000000080031e8                HAL_I2C_Init
 .text.HAL_I2C_DeInit
                0x0000000008003306       0x5e Drivers/STM32L4xx_HAL_Driver/Src/stm32l4xx_hal_i2c.o
                0x0000000008003306                HAL_I2C_DeInit
 .text.HAL_I2C_MspInit
                0x0000000008003364       0x14 Drivers/STM32L4xx_HAL_Driver/Src/stm32l4xx_hal_i2c.o
                0x0000000008003364                HAL_I2C_MspInit
 .text.HAL_I2C_MspDeInit
                0x0000000008003378       0x14 Drivers/STM32L4xx_HAL_Driver/Src/stm32l4xx_hal_i2c.o
                0x0000000008003378                HAL_I2C_MspDeInit
 .text.HAL_I2C_Mem_Write
                0x000000000800338c      0x228 Drivers/STM32L4xx_HAL_Driver/Src/stm32l4xx_hal_i2c.o
                0x000000000800338c                HAL_I2C_Mem_Write
 .text.HAL_I2C_Mem_Read
                0x00000000080035b4      0x234 Drivers/STM32L4xx_HAL_Driver/Src/stm32l4xx_hal_i2c.o
                0x00000000080035b4                HAL_I2C_Mem_Read
 .text.HAL_I2C_GetState
                0x00000000080037e8       0x1c Drivers/STM32L4xx_HAL_Driver/Src/stm32l4xx_hal_i2c.o
                0x00000000080037e8                HAL_I2C_GetState
 .text.HAL_I2C_GetError
                0x0000000008003804       0x18 Drivers/STM32L4xx_HAL_Driver/Src/stm32l4xx_hal_i2c.o
                0x0000000008003804                HAL_I2C_GetError
 .text.I2C_RequestMemoryWrite
                0x000000000800381c       0xa8 Drivers/STM32L4xx_HAL_Driver/Src/stm32l4xx_hal_i2c.o
 .text.I2C_RequestMemoryRead
                0x00000000080038c4       0xa8 Drivers/STM32L4xx_HAL_Driver/Src/stm32l4xx_hal_i2c.o
 .text.I2C_Flush_TXDR
                0x000000000800396c       0x48 Drivers/STM32L4xx_HAL_Driver/Src/stm32l4xx_hal_i2c.o
 .text.I2C_WaitOnFlagUntilTimeout
                0x00000000080039b4       0x80 Drivers/STM32L4xx_HAL_Driver/Src/stm32l4xx_hal_i2c.o
 .text.I2C_WaitOnTXISFlagUntilTimeout
                0x0000000008003a34       0x80 Drivers/STM32L4xx_HAL_Driver/Src/stm32l4xx_hal_i2c.o
 .text.I2C_WaitOnSTOPFlagUntilTimeout
                0x0000000008003ab4       0x78 Drivers/STM32L4xx_HAL_Driver/Src/stm32l4xx_hal_i2c.o
 .text.I2C_IsAcknowledgeFailed
                0x0000000008003b2c       0xcc Drivers/STM32L4xx_HAL_Driver/Src/stm32l4xx_hal_i2c.o
 .text.I2C_TransferConfig
                0x0000000008003bf8       0x5c Drivers/STM32L4xx_HAL_Driver/Src/stm32l4xx_hal_i2c.o
 .text.HAL_I2CEx_ConfigAnalogFilter
                0x0000000008003c54       0x96 Drivers/STM32L4xx_HAL_Driver/Src/stm32l4xx_hal_i2c_ex.o
                0x0000000008003c54                HAL_I2CEx_ConfigAnalogFilter
 .text.HAL_I2CEx_ConfigDigitalFilter
                0x0000000008003cea       0x98 Drivers/STM32L4xx_HAL_Driver/Src/stm32l4xx_hal_i2c_ex.o
                0x0000000008003cea                HAL_I2CEx_ConfigDigitalFilter
 *fill*         0x0000000008003d82        0x2 
 .text.HAL_PWREx_GetVoltageRange
                0x0000000008003d84       0x40 Drivers/STM32L4xx_HAL_Driver/Src/stm32l4xx_hal_pwr_ex.o
                0x0000000008003d84                HAL_PWREx_GetVoltageRange
 .text.HAL_PWREx_ControlVoltageScaling
                0x0000000008003dc4      0x148 Drivers/STM32L4xx_HAL_Driver/Src/stm32l4xx_hal_pwr_ex.o
                0x0000000008003dc4                HAL_PWREx_ControlVoltageScaling
 .text.HAL_PWREx_EnableVddIO2
                0x0000000008003f0c       0x20 Drivers/STM32L4xx_HAL_Driver/Src/stm32l4xx_hal_pwr_ex.o
                0x0000000008003f0c                HAL_PWREx_EnableVddIO2
 .text.HAL_RCC_OscConfig
                0x0000000008003f2c      0x84c Drivers/STM32L4xx_HAL_Driver/Src/stm32l4xx_hal_rcc.o
                0x0000000008003f2c                HAL_RCC_OscConfig
 .text.HAL_RCC_ClockConfig
                0x0000000008004778      0x258 Drivers/STM32L4xx_HAL_Driver/Src/stm32l4xx_hal_rcc.o
                0x0000000008004778                HAL_RCC_ClockConfig
 .text.HAL_RCC_GetSysClockFreq
                0x00000000080049d0      0x110 Drivers/STM32L4xx_HAL_Driver/Src/stm32l4xx_hal_rcc.o
                0x00000000080049d0                HAL_RCC_GetSysClockFreq
 .text.HAL_RCC_GetHCLKFreq
                0x0000000008004ae0       0x18 Drivers/STM32L4xx_HAL_Driver/Src/stm32l4xx_hal_rcc.o
                0x0000000008004ae0                HAL_RCC_GetHCLKFreq
 .text.HAL_RCC_GetPCLK1Freq
                0x0000000008004af8       0x2c Drivers/STM32L4xx_HAL_Driver/Src/stm32l4xx_hal_rcc.o
                0x0000000008004af8                HAL_RCC_GetPCLK1Freq
 .text.HAL_RCC_GetPCLK2Freq
                0x0000000008004b24       0x2c Drivers/STM32L4xx_HAL_Driver/Src/stm32l4xx_hal_rcc.o
                0x0000000008004b24                HAL_RCC_GetPCLK2Freq
 .text.RCC_SetFlashLatencyFromMSIRange
                0x0000000008004b50       0xb4 Drivers/STM32L4xx_HAL_Driver/Src/stm32l4xx_hal_rcc.o
 .text.RCC_GetSysClockFreqFromPLLSource
                0x0000000008004c04       0xcc Drivers/STM32L4xx_HAL_Driver/Src/stm32l4xx_hal_rcc.o
 .text.HAL_RCCEx_PeriphCLKConfig
                0x0000000008004cd0      0x710 Drivers/STM32L4xx_HAL_Driver/Src/stm32l4xx_hal_rcc_ex.o
                0x0000000008004cd0                HAL_RCCEx_PeriphCLKConfig
 .text.RCCEx_PLLSAI1_Config
                0x00000000080053e0      0x1e0 Drivers/STM32L4xx_HAL_Driver/Src/stm32l4xx_hal_rcc_ex.o
 .text.RCCEx_PLLSAI2_Config
                0x00000000080055c0      0x1e0 Drivers/STM32L4xx_HAL_Driver/Src/stm32l4xx_hal_rcc_ex.o
 .text.HAL_TIM_Base_Init
                0x00000000080057a0       0xae Drivers/STM32L4xx_HAL_Driver/Src/stm32l4xx_hal_tim.o
                0x00000000080057a0                HAL_TIM_Base_Init
 *fill*         0x000000000800584e        0x2 
 .text.HAL_TIM_Base_Start_IT
                0x0000000008005850       0xe0 Drivers/STM32L4xx_HAL_Driver/Src/stm32l4xx_hal_tim.o
                0x0000000008005850                HAL_TIM_Base_Start_IT
 .text.HAL_TIM_IRQHandler
                0x0000000008005930      0x23e Drivers/STM32L4xx_HAL_Driver/Src/stm32l4xx_hal_tim.o
                0x0000000008005930                HAL_TIM_IRQHandler
 .text.HAL_TIM_OC_DelayElapsedCallback
                0x0000000008005b6e       0x14 Drivers/STM32L4xx_HAL_Driver/Src/stm32l4xx_hal_tim.o
                0x0000000008005b6e                HAL_TIM_OC_DelayElapsedCallback
 .text.HAL_TIM_IC_CaptureCallback
                0x0000000008005b82       0x14 Drivers/STM32L4xx_HAL_Driver/Src/stm32l4xx_hal_tim.o
                0x0000000008005b82                HAL_TIM_IC_CaptureCallback
 .text.HAL_TIM_PWM_PulseFinishedCallback
                0x0000000008005b96       0x14 Drivers/STM32L4xx_HAL_Driver/Src/stm32l4xx_hal_tim.o
                0x0000000008005b96                HAL_TIM_PWM_PulseFinishedCallback
 .text.HAL_TIM_TriggerCallback
                0x0000000008005baa       0x14 Drivers/STM32L4xx_HAL_Driver/Src/stm32l4xx_hal_tim.o
                0x0000000008005baa                HAL_TIM_TriggerCallback
 *fill*         0x0000000008005bbe        0x2 
 .text.TIM_Base_SetConfig
                0x0000000008005bc0      0x134 Drivers/STM32L4xx_HAL_Driver/Src/stm32l4xx_hal_tim.o
                0x0000000008005bc0                TIM_Base_SetConfig
 .text.HAL_TIMEx_CommutCallback
                0x0000000008005cf4       0x14 Drivers/STM32L4xx_HAL_Driver/Src/stm32l4xx_hal_tim_ex.o
                0x0000000008005cf4                HAL_TIMEx_CommutCallback
 .text.HAL_TIMEx_BreakCallback
                0x0000000008005d08       0x14 Drivers/STM32L4xx_HAL_Driver/Src/stm32l4xx_hal_tim_ex.o
                0x0000000008005d08                HAL_TIMEx_BreakCallback
 .text.HAL_TIMEx_Break2Callback
                0x0000000008005d1c       0x14 Drivers/STM32L4xx_HAL_Driver/Src/stm32l4xx_hal_tim_ex.o
                0x0000000008005d1c                HAL_TIMEx_Break2Callback
 .text.HAL_UART_Init
                0x0000000008005d30       0xa0 Drivers/STM32L4xx_HAL_Driver/Src/stm32l4xx_hal_uart.o
                0x0000000008005d30                HAL_UART_Init
 .text.HAL_UART_Transmit
                0x0000000008005dd0      0x12e Drivers/STM32L4xx_HAL_Driver/Src/stm32l4xx_hal_uart.o
                0x0000000008005dd0                HAL_UART_Transmit
 *fill*         0x0000000008005efe        0x2 
 .text.HAL_UART_IRQHandler
                0x0000000008005f00      0x300 Drivers/STM32L4xx_HAL_Driver/Src/stm32l4xx_hal_uart.o
                0x0000000008005f00                HAL_UART_IRQHandler
 .text.HAL_UART_TxCpltCallback
                0x0000000008006200       0x14 Drivers/STM32L4xx_HAL_Driver/Src/stm32l4xx_hal_uart.o
                0x0000000008006200                HAL_UART_TxCpltCallback
 .text.HAL_UART_ErrorCallback
                0x0000000008006214       0x14 Drivers/STM32L4xx_HAL_Driver/Src/stm32l4xx_hal_uart.o
                0x0000000008006214                HAL_UART_ErrorCallback
 .text.UART_SetConfig
                0x0000000008006228      0x5a4 Drivers/STM32L4xx_HAL_Driver/Src/stm32l4xx_hal_uart.o
                0x0000000008006228                UART_SetConfig
 .text.UART_AdvFeatureConfig
                0x00000000080067cc      0x144 Drivers/STM32L4xx_HAL_Driver/Src/stm32l4xx_hal_uart.o
                0x00000000080067cc                UART_AdvFeatureConfig
 .text.UART_CheckIdleState
                0x0000000008006910       0x90 Drivers/STM32L4xx_HAL_Driver/Src/stm32l4xx_hal_uart.o
                0x0000000008006910                UART_CheckIdleState
 .text.UART_WaitOnFlagUntilTimeout
                0x00000000080069a0      0x100 Drivers/STM32L4xx_HAL_Driver/Src/stm32l4xx_hal_uart.o
                0x00000000080069a0                UART_WaitOnFlagUntilTimeout
 .text.UART_EndRxTransfer
                0x0000000008006aa0       0x46 Drivers/STM32L4xx_HAL_Driver/Src/stm32l4xx_hal_uart.o
 .text.UART_DMAAbortOnError
                0x0000000008006ae6       0x2c Drivers/STM32L4xx_HAL_Driver/Src/stm32l4xx_hal_uart.o
 .text.UART_EndTransmit_IT
                0x0000000008006b12       0x34 Drivers/STM32L4xx_HAL_Driver/Src/stm32l4xx_hal_uart.o
 .text.HAL_UARTEx_WakeupCallback
                0x0000000008006b46       0x14 Drivers/STM32L4xx_HAL_Driver/Src/stm32l4xx_hal_uart_ex.o
                0x0000000008006b46                HAL_UARTEx_WakeupCallback
 .text.HAL_UARTEx_RxFifoFullCallback
                0x0000000008006b5a       0x14 Drivers/STM32L4xx_HAL_Driver/Src/stm32l4xx_hal_uart_ex.o
                0x0000000008006b5a                HAL_UARTEx_RxFifoFullCallback
 .text.HAL_UARTEx_TxFifoEmptyCallback
                0x0000000008006b6e       0x14 Drivers/STM32L4xx_HAL_Driver/Src/stm32l4xx_hal_uart_ex.o
                0x0000000008006b6e                HAL_UARTEx_TxFifoEmptyCallback
 .text.HAL_UARTEx_DisableFifoMode
                0x0000000008006b82       0x72 Drivers/STM32L4xx_HAL_Driver/Src/stm32l4xx_hal_uart_ex.o
                0x0000000008006b82                HAL_UARTEx_DisableFifoMode
 .text.HAL_UARTEx_SetTxFifoThreshold
                0x0000000008006bf4       0x7c Drivers/STM32L4xx_HAL_Driver/Src/stm32l4xx_hal_uart_ex.o
                0x0000000008006bf4                HAL_UARTEx_SetTxFifoThreshold
 .text.HAL_UARTEx_SetRxFifoThreshold
                0x0000000008006c70       0x7c Drivers/STM32L4xx_HAL_Driver/Src/stm32l4xx_hal_uart_ex.o
                0x0000000008006c70                HAL_UARTEx_SetRxFifoThreshold
 .text.UARTEx_SetNbDataToProcess
                0x0000000008006cec       0xd0 Drivers/STM32L4xx_HAL_Driver/Src/stm32l4xx_hal_uart_ex.o
 .text.__libc_init_array
                0x0000000008006dbc       0x48 d:/archivosdprograma/stm32cubeide_1.5.0/stm32cubeide/plugins/com.st.stm32cube.ide.mcu.externaltools.gnu-tools-for-stm32.7-2018-q2-update.win32_1.5.0.202011040924/tools/bin/../lib/gcc/arm-none-eabi/7.3.1/../../../../arm-none-eabi/lib/thumb/v7e-m/fpv4-sp/hard\libc_nano.a(lib_a-init.o)
                0x0000000008006dbc                __libc_init_array
 .text.memset   0x0000000008006e04       0x10 d:/archivosdprograma/stm32cubeide_1.5.0/stm32cubeide/plugins/com.st.stm32cube.ide.mcu.externaltools.gnu-tools-for-stm32.7-2018-q2-update.win32_1.5.0.202011040924/tools/bin/../lib/gcc/arm-none-eabi/7.3.1/../../../../arm-none-eabi/lib/thumb/v7e-m/fpv4-sp/hard\libc_nano.a(lib_a-memset.o)
                0x0000000008006e04                memset
 *(.glue_7)
 .glue_7        0x0000000008006e14        0x0 linker stubs
 *(.glue_7t)
 .glue_7t       0x0000000008006e14        0x0 linker stubs
 *(.eh_frame)
 .eh_frame      0x0000000008006e14        0x0 d:/archivosdprograma/stm32cubeide_1.5.0/stm32cubeide/plugins/com.st.stm32cube.ide.mcu.externaltools.gnu-tools-for-stm32.7-2018-q2-update.win32_1.5.0.202011040924/tools/bin/../lib/gcc/arm-none-eabi/7.3.1/thumb/v7e-m/fpv4-sp/hard/crtbegin.o
 *(.init)
 .init          0x0000000008006e14        0x4 d:/archivosdprograma/stm32cubeide_1.5.0/stm32cubeide/plugins/com.st.stm32cube.ide.mcu.externaltools.gnu-tools-for-stm32.7-2018-q2-update.win32_1.5.0.202011040924/tools/bin/../lib/gcc/arm-none-eabi/7.3.1/thumb/v7e-m/fpv4-sp/hard/crti.o
                0x0000000008006e14                _init
 .init          0x0000000008006e18        0x8 d:/archivosdprograma/stm32cubeide_1.5.0/stm32cubeide/plugins/com.st.stm32cube.ide.mcu.externaltools.gnu-tools-for-stm32.7-2018-q2-update.win32_1.5.0.202011040924/tools/bin/../lib/gcc/arm-none-eabi/7.3.1/thumb/v7e-m/fpv4-sp/hard/crtn.o
 *(.fini)
 .fini          0x0000000008006e20        0x4 d:/archivosdprograma/stm32cubeide_1.5.0/stm32cubeide/plugins/com.st.stm32cube.ide.mcu.externaltools.gnu-tools-for-stm32.7-2018-q2-update.win32_1.5.0.202011040924/tools/bin/../lib/gcc/arm-none-eabi/7.3.1/thumb/v7e-m/fpv4-sp/hard/crti.o
                0x0000000008006e20                _fini
 .fini          0x0000000008006e24        0x8 d:/archivosdprograma/stm32cubeide_1.5.0/stm32cubeide/plugins/com.st.stm32cube.ide.mcu.externaltools.gnu-tools-for-stm32.7-2018-q2-update.win32_1.5.0.202011040924/tools/bin/../lib/gcc/arm-none-eabi/7.3.1/thumb/v7e-m/fpv4-sp/hard/crtn.o
                0x0000000008006e2c                . = ALIGN (0x4)
                0x0000000008006e2c                _etext = .

.vfp11_veneer   0x0000000008006e2c        0x0
 .vfp11_veneer  0x0000000008006e2c        0x0 linker stubs

.v4_bx          0x0000000008006e2c        0x0
 .v4_bx         0x0000000008006e2c        0x0 linker stubs

.iplt           0x0000000008006e2c        0x0
 .iplt          0x0000000008006e2c        0x0 d:/archivosdprograma/stm32cubeide_1.5.0/stm32cubeide/plugins/com.st.stm32cube.ide.mcu.externaltools.gnu-tools-for-stm32.7-2018-q2-update.win32_1.5.0.202011040924/tools/bin/../lib/gcc/arm-none-eabi/7.3.1/thumb/v7e-m/fpv4-sp/hard/crtbegin.o

.rodata         0x0000000008006e2c       0x70
                0x0000000008006e2c                . = ALIGN (0x4)
 *(.rodata)
 .rodata        0x0000000008006e2c       0x10 Drivers/STM32L4xx_HAL_Driver/Src/stm32l4xx_hal_uart_ex.o
 *(.rodata*)
 .rodata.AHBPrescTable
                0x0000000008006e3c       0x10 Core/Src/system_stm32l4xx.o
                0x0000000008006e3c                AHBPrescTable
 .rodata.APBPrescTable
                0x0000000008006e4c        0x8 Core/Src/system_stm32l4xx.o
                0x0000000008006e4c                APBPrescTable
 .rodata.MSIRangeTable
                0x0000000008006e54       0x30 Core/Src/system_stm32l4xx.o
                0x0000000008006e54                MSIRangeTable
 .rodata.UARTPrescTable
                0x0000000008006e84       0x18 Drivers/STM32L4xx_HAL_Driver/Src/stm32l4xx_hal_uart.o
                0x0000000008006e84                UARTPrescTable
                0x0000000008006e9c                . = ALIGN (0x4)

.ARM.extab      0x0000000008006e9c        0x0
                0x0000000008006e9c                . = ALIGN (0x4)
 *(.ARM.extab* .gnu.linkonce.armextab.*)
                0x0000000008006e9c                . = ALIGN (0x4)

.ARM            0x0000000008006e9c        0x8
                0x0000000008006e9c                . = ALIGN (0x4)
                0x0000000008006e9c                __exidx_start = .
 *(.ARM.exidx*)
 .ARM.exidx     0x0000000008006e9c        0x8 d:/archivosdprograma/stm32cubeide_1.5.0/stm32cubeide/plugins/com.st.stm32cube.ide.mcu.externaltools.gnu-tools-for-stm32.7-2018-q2-update.win32_1.5.0.202011040924/tools/bin/../lib/gcc/arm-none-eabi/7.3.1/thumb/v7e-m/fpv4-sp/hard\libgcc.a(_udivmoddi4.o)
                0x0000000008006ea4                __exidx_end = .
                0x0000000008006ea4                . = ALIGN (0x4)

.rel.dyn        0x0000000008006ea4        0x0
 .rel.iplt      0x0000000008006ea4        0x0 d:/archivosdprograma/stm32cubeide_1.5.0/stm32cubeide/plugins/com.st.stm32cube.ide.mcu.externaltools.gnu-tools-for-stm32.7-2018-q2-update.win32_1.5.0.202011040924/tools/bin/../lib/gcc/arm-none-eabi/7.3.1/thumb/v7e-m/fpv4-sp/hard/crtbegin.o

.preinit_array  0x0000000008006ea4        0x0
                0x0000000008006ea4                . = ALIGN (0x4)
                0x0000000008006ea4                PROVIDE (__preinit_array_start = .)
 *(.preinit_array*)
                0x0000000008006ea4                PROVIDE (__preinit_array_end = .)
                0x0000000008006ea4                . = ALIGN (0x4)

.init_array     0x0000000008006ea4        0x4
                0x0000000008006ea4                . = ALIGN (0x4)
                0x0000000008006ea4                PROVIDE (__init_array_start = .)
 *(SORT_BY_NAME(.init_array.*))
 *(.init_array*)
 .init_array    0x0000000008006ea4        0x4 d:/archivosdprograma/stm32cubeide_1.5.0/stm32cubeide/plugins/com.st.stm32cube.ide.mcu.externaltools.gnu-tools-for-stm32.7-2018-q2-update.win32_1.5.0.202011040924/tools/bin/../lib/gcc/arm-none-eabi/7.3.1/thumb/v7e-m/fpv4-sp/hard/crtbegin.o
                0x0000000008006ea8                PROVIDE (__init_array_end = .)
                0x0000000008006ea8                . = ALIGN (0x4)

.fini_array     0x0000000008006ea8        0x4
                0x0000000008006ea8                . = ALIGN (0x4)
                [!provide]                        PROVIDE (__fini_array_start = .)
 *(SORT_BY_NAME(.fini_array.*))
 *(.fini_array*)
 .fini_array    0x0000000008006ea8        0x4 d:/archivosdprograma/stm32cubeide_1.5.0/stm32cubeide/plugins/com.st.stm32cube.ide.mcu.externaltools.gnu-tools-for-stm32.7-2018-q2-update.win32_1.5.0.202011040924/tools/bin/../lib/gcc/arm-none-eabi/7.3.1/thumb/v7e-m/fpv4-sp/hard/crtbegin.o
                [!provide]                        PROVIDE (__fini_array_end = .)
                0x0000000008006eac                . = ALIGN (0x4)
                0x0000000008006eac                _sidata = LOADADDR (.data)

.data           0x0000000020000000        0xc load address 0x0000000008006eac
                0x0000000020000000                . = ALIGN (0x4)
                0x0000000020000000                _sdata = .
 *(.data)
 *(.data*)
 .data.SystemCoreClock
                0x0000000020000000        0x4 Core/Src/system_stm32l4xx.o
                0x0000000020000000                SystemCoreClock
 .data.uwTickPrio
                0x0000000020000004        0x4 Drivers/STM32L4xx_HAL_Driver/Src/stm32l4xx_hal.o
                0x0000000020000004                uwTickPrio
 .data.uwTickFreq
                0x0000000020000008        0x1 Drivers/STM32L4xx_HAL_Driver/Src/stm32l4xx_hal.o
                0x0000000020000008                uwTickFreq
 *(.RamFunc)
 *(.RamFunc*)
                0x000000002000000c                . = ALIGN (0x4)
 *fill*         0x0000000020000009        0x3 
                0x000000002000000c                _edata = .

.igot.plt       0x000000002000000c        0x0 load address 0x0000000008006eb8
 .igot.plt      0x000000002000000c        0x0 d:/archivosdprograma/stm32cubeide_1.5.0/stm32cubeide/plugins/com.st.stm32cube.ide.mcu.externaltools.gnu-tools-for-stm32.7-2018-q2-update.win32_1.5.0.202011040924/tools/bin/../lib/gcc/arm-none-eabi/7.3.1/thumb/v7e-m/fpv4-sp/hard/crtbegin.o
                0x000000002000000c                . = ALIGN (0x4)

.bss            0x000000002000000c      0x24c load address 0x0000000008006eb8
                0x000000002000000c                _sbss = .
                0x000000002000000c                __bss_start__ = _sbss
 *(.bss)
 .bss           0x000000002000000c       0x1c d:/archivosdprograma/stm32cubeide_1.5.0/stm32cubeide/plugins/com.st.stm32cube.ide.mcu.externaltools.gnu-tools-for-stm32.7-2018-q2-update.win32_1.5.0.202011040924/tools/bin/../lib/gcc/arm-none-eabi/7.3.1/thumb/v7e-m/fpv4-sp/hard/crtbegin.o
 *(.bss*)
 .bss.flag_UART
                0x0000000020000028        0x1 Core/Src/main.o
                0x0000000020000028                flag_UART
 .bss.flag_MAG  0x0000000020000029        0x1 Core/Src/main.o
                0x0000000020000029                flag_MAG
 .bss.Inicio    0x000000002000002a        0x2 Core/Src/main.o
                0x000000002000002a                Inicio
 .bss.I2C2InitCounter
                0x000000002000002c        0x4 Drivers/BSP/STEVAL-STWINKT1/steval_stwinkt1_bus.o
 *(COMMON)
 COMMON         0x0000000020000030      0x1d7 Core/Src/main.o
                0x0000000020000030                hadc1
                0x0000000020000098                parte2
                0x000000002000009c                buffer
                0x00000000200000d8                magneto_sensor
                0x0000000020000104                magneto_IO
                0x0000000020000120                huart2
                0x00000000200001ac                htim16
                0x00000000200001f8                magneto_axes
                0x0000000020000204                parte1
 *fill*         0x0000000020000207        0x1 
 COMMON         0x0000000020000208       0x4c Drivers/BSP/STEVAL-STWINKT1/steval_stwinkt1_bus.o
                0x0000000020000208                hi2c2
 COMMON         0x0000000020000254        0x4 Drivers/STM32L4xx_HAL_Driver/Src/stm32l4xx_hal.o
                0x0000000020000254                uwTick
                0x0000000020000258                . = ALIGN (0x4)
                0x0000000020000258                _ebss = .
                0x0000000020000258                __bss_end__ = _ebss

._user_heap_stack
                0x0000000020000258      0x600 load address 0x0000000008006eb8
                0x0000000020000258                . = ALIGN (0x8)
                [!provide]                        PROVIDE (end = .)
                0x0000000020000258                PROVIDE (_end = .)
                0x0000000020000458                . = (. + _Min_Heap_Size)
 *fill*         0x0000000020000258      0x200 
                0x0000000020000858                . = (. + _Min_Stack_Size)
 *fill*         0x0000000020000458      0x400 
                0x0000000020000858                . = ALIGN (0x8)

/DISCARD/
 libc.a(*)
 libm.a(*)
 libgcc.a(*)

.ARM.attributes
                0x0000000000000000       0x30
 *(.ARM.attributes)
 .ARM.attributes
                0x0000000000000000       0x22 d:/archivosdprograma/stm32cubeide_1.5.0/stm32cubeide/plugins/com.st.stm32cube.ide.mcu.externaltools.gnu-tools-for-stm32.7-2018-q2-update.win32_1.5.0.202011040924/tools/bin/../lib/gcc/arm-none-eabi/7.3.1/thumb/v7e-m/fpv4-sp/hard/crti.o
 .ARM.attributes
                0x0000000000000022       0x34 d:/archivosdprograma/stm32cubeide_1.5.0/stm32cubeide/plugins/com.st.stm32cube.ide.mcu.externaltools.gnu-tools-for-stm32.7-2018-q2-update.win32_1.5.0.202011040924/tools/bin/../lib/gcc/arm-none-eabi/7.3.1/thumb/v7e-m/fpv4-sp/hard/crtbegin.o
 .ARM.attributes
                0x0000000000000056       0x39 Core/Src/main.o
 .ARM.attributes
                0x000000000000008f       0x39 Core/Src/stm32l4xx_hal_msp.o
 .ARM.attributes
                0x00000000000000c8       0x39 Core/Src/stm32l4xx_it.o
 .ARM.attributes
                0x0000000000000101       0x39 Core/Src/system_stm32l4xx.o
 .ARM.attributes
                0x000000000000013a       0x21 Core/Startup/startup_stm32l4r9zijx.o
 .ARM.attributes
                0x000000000000015b       0x39 Drivers/BSP/Components/iis2mdc/iis2mdc.o
 .ARM.attributes
                0x0000000000000194       0x39 Drivers/BSP/Components/iis2mdc/iis2mdc_reg.o
 .ARM.attributes
                0x00000000000001cd       0x39 Drivers/BSP/STEVAL-STWINKT1/steval_stwinkt1_bus.o
 .ARM.attributes
                0x0000000000000206       0x39 Drivers/STM32L4xx_HAL_Driver/Src/stm32l4xx_hal.o
 .ARM.attributes
                0x000000000000023f       0x39 Drivers/STM32L4xx_HAL_Driver/Src/stm32l4xx_hal_adc.o
 .ARM.attributes
                0x0000000000000278       0x39 Drivers/STM32L4xx_HAL_Driver/Src/stm32l4xx_hal_cortex.o
 .ARM.attributes
                0x00000000000002b1       0x39 Drivers/STM32L4xx_HAL_Driver/Src/stm32l4xx_hal_dma.o
 .ARM.attributes
                0x00000000000002ea       0x39 Drivers/STM32L4xx_HAL_Driver/Src/stm32l4xx_hal_gpio.o
 .ARM.attributes
                0x0000000000000323       0x39 Drivers/STM32L4xx_HAL_Driver/Src/stm32l4xx_hal_i2c.o
 .ARM.attributes
                0x000000000000035c       0x39 Drivers/STM32L4xx_HAL_Driver/Src/stm32l4xx_hal_i2c_ex.o
 .ARM.attributes
                0x0000000000000395       0x39 Drivers/STM32L4xx_HAL_Driver/Src/stm32l4xx_hal_pwr_ex.o
 .ARM.attributes
                0x00000000000003ce       0x39 Drivers/STM32L4xx_HAL_Driver/Src/stm32l4xx_hal_rcc.o
 .ARM.attributes
                0x0000000000000407       0x39 Drivers/STM32L4xx_HAL_Driver/Src/stm32l4xx_hal_rcc_ex.o
 .ARM.attributes
                0x0000000000000440       0x39 Drivers/STM32L4xx_HAL_Driver/Src/stm32l4xx_hal_tim.o
 .ARM.attributes
                0x0000000000000479       0x39 Drivers/STM32L4xx_HAL_Driver/Src/stm32l4xx_hal_tim_ex.o
 .ARM.attributes
                0x00000000000004b2       0x39 Drivers/STM32L4xx_HAL_Driver/Src/stm32l4xx_hal_uart.o
 .ARM.attributes
                0x00000000000004eb       0x39 Drivers/STM32L4xx_HAL_Driver/Src/stm32l4xx_hal_uart_ex.o
 .ARM.attributes
                0x0000000000000524       0x34 d:/archivosdprograma/stm32cubeide_1.5.0/stm32cubeide/plugins/com.st.stm32cube.ide.mcu.externaltools.gnu-tools-for-stm32.7-2018-q2-update.win32_1.5.0.202011040924/tools/bin/../lib/gcc/arm-none-eabi/7.3.1/../../../../arm-none-eabi/lib/thumb/v7e-m/fpv4-sp/hard\libc_nano.a(lib_a-init.o)
 .ARM.attributes
                0x0000000000000558       0x34 d:/archivosdprograma/stm32cubeide_1.5.0/stm32cubeide/plugins/com.st.stm32cube.ide.mcu.externaltools.gnu-tools-for-stm32.7-2018-q2-update.win32_1.5.0.202011040924/tools/bin/../lib/gcc/arm-none-eabi/7.3.1/../../../../arm-none-eabi/lib/thumb/v7e-m/fpv4-sp/hard\libc_nano.a(lib_a-memset.o)
 .ARM.attributes
                0x000000000000058c       0x22 d:/archivosdprograma/stm32cubeide_1.5.0/stm32cubeide/plugins/com.st.stm32cube.ide.mcu.externaltools.gnu-tools-for-stm32.7-2018-q2-update.win32_1.5.0.202011040924/tools/bin/../lib/gcc/arm-none-eabi/7.3.1/thumb/v7e-m/fpv4-sp/hard\libgcc.a(_aeabi_uldivmod.o)
 .ARM.attributes
                0x00000000000005ae       0x34 d:/archivosdprograma/stm32cubeide_1.5.0/stm32cubeide/plugins/com.st.stm32cube.ide.mcu.externaltools.gnu-tools-for-stm32.7-2018-q2-update.win32_1.5.0.202011040924/tools/bin/../lib/gcc/arm-none-eabi/7.3.1/thumb/v7e-m/fpv4-sp/hard\libgcc.a(_udivmoddi4.o)
 .ARM.attributes
                0x00000000000005e2       0x22 d:/archivosdprograma/stm32cubeide_1.5.0/stm32cubeide/plugins/com.st.stm32cube.ide.mcu.externaltools.gnu-tools-for-stm32.7-2018-q2-update.win32_1.5.0.202011040924/tools/bin/../lib/gcc/arm-none-eabi/7.3.1/thumb/v7e-m/fpv4-sp/hard\libgcc.a(_dvmd_tls.o)
 .ARM.attributes
                0x0000000000000604       0x22 d:/archivosdprograma/stm32cubeide_1.5.0/stm32cubeide/plugins/com.st.stm32cube.ide.mcu.externaltools.gnu-tools-for-stm32.7-2018-q2-update.win32_1.5.0.202011040924/tools/bin/../lib/gcc/arm-none-eabi/7.3.1/thumb/v7e-m/fpv4-sp/hard/crtn.o
OUTPUT(P1_ADC_Sensores.elf elf32-littlearm)

.debug_info     0x0000000000000000    0x1b1fb
 .debug_info    0x0000000000000000     0x2ae6 Core/Src/main.o
 .debug_info    0x0000000000002ae6     0x17e1 Core/Src/stm32l4xx_hal_msp.o
 .debug_info    0x00000000000042c7      0xd6e Core/Src/stm32l4xx_it.o
 .debug_info    0x0000000000005035      0x797 Core/Src/system_stm32l4xx.o
 .debug_info    0x00000000000057cc       0x22 Core/Startup/startup_stm32l4r9zijx.o
 .debug_info    0x00000000000057ee     0x1391 Drivers/BSP/Components/iis2mdc/iis2mdc.o
 .debug_info    0x0000000000006b7f     0x1e56 Drivers/BSP/Components/iis2mdc/iis2mdc_reg.o
 .debug_info    0x00000000000089d5      0xfea Drivers/BSP/STEVAL-STWINKT1/steval_stwinkt1_bus.o
 .debug_info    0x00000000000099bf      0xccd Drivers/STM32L4xx_HAL_Driver/Src/stm32l4xx_hal.o
 .debug_info    0x000000000000a68c     0x1f38 Drivers/STM32L4xx_HAL_Driver/Src/stm32l4xx_hal_adc.o
 .debug_info    0x000000000000c5c4      0xfd9 Drivers/STM32L4xx_HAL_Driver/Src/stm32l4xx_hal_cortex.o
 .debug_info    0x000000000000d59d      0xa7b Drivers/STM32L4xx_HAL_Driver/Src/stm32l4xx_hal_dma.o
 .debug_info    0x000000000000e018      0xa1c Drivers/STM32L4xx_HAL_Driver/Src/stm32l4xx_hal_gpio.o
 .debug_info    0x000000000000ea34     0x2239 Drivers/STM32L4xx_HAL_Driver/Src/stm32l4xx_hal_i2c.o
 .debug_info    0x0000000000010c6d      0xcdf Drivers/STM32L4xx_HAL_Driver/Src/stm32l4xx_hal_i2c_ex.o
 .debug_info    0x000000000001194c      0xbfd Drivers/STM32L4xx_HAL_Driver/Src/stm32l4xx_hal_pwr_ex.o
 .debug_info    0x0000000000012549      0xe70 Drivers/STM32L4xx_HAL_Driver/Src/stm32l4xx_hal_rcc.o
 .debug_info    0x00000000000133b9     0x12ac Drivers/STM32L4xx_HAL_Driver/Src/stm32l4xx_hal_rcc_ex.o
 .debug_info    0x0000000000014665     0x2b8d Drivers/STM32L4xx_HAL_Driver/Src/stm32l4xx_hal_tim.o
 .debug_info    0x00000000000171f2     0x17aa Drivers/STM32L4xx_HAL_Driver/Src/stm32l4xx_hal_tim_ex.o
 .debug_info    0x000000000001899c     0x1b35 Drivers/STM32L4xx_HAL_Driver/Src/stm32l4xx_hal_uart.o
 .debug_info    0x000000000001a4d1      0xd2a Drivers/STM32L4xx_HAL_Driver/Src/stm32l4xx_hal_uart_ex.o

.debug_abbrev   0x0000000000000000     0x2cd6
 .debug_abbrev  0x0000000000000000      0x33d Core/Src/main.o
 .debug_abbrev  0x000000000000033d      0x1a6 Core/Src/stm32l4xx_hal_msp.o
 .debug_abbrev  0x00000000000004e3      0x15a Core/Src/stm32l4xx_it.o
 .debug_abbrev  0x000000000000063d      0x150 Core/Src/system_stm32l4xx.o
 .debug_abbrev  0x000000000000078d       0x12 Core/Startup/startup_stm32l4r9zijx.o
 .debug_abbrev  0x000000000000079f      0x2b3 Drivers/BSP/Components/iis2mdc/iis2mdc.o
 .debug_abbrev  0x0000000000000a52      0x2c8 Drivers/BSP/Components/iis2mdc/iis2mdc_reg.o
 .debug_abbrev  0x0000000000000d1a      0x216 Drivers/BSP/STEVAL-STWINKT1/steval_stwinkt1_bus.o
 .debug_abbrev  0x0000000000000f30      0x1fb Drivers/STM32L4xx_HAL_Driver/Src/stm32l4xx_hal.o
 .debug_abbrev  0x000000000000112b      0x25d Drivers/STM32L4xx_HAL_Driver/Src/stm32l4xx_hal_adc.o
 .debug_abbrev  0x0000000000001388      0x2fa Drivers/STM32L4xx_HAL_Driver/Src/stm32l4xx_hal_cortex.o
 .debug_abbrev  0x0000000000001682      0x1d9 Drivers/STM32L4xx_HAL_Driver/Src/stm32l4xx_hal_dma.o
 .debug_abbrev  0x000000000000185b      0x1c0 Drivers/STM32L4xx_HAL_Driver/Src/stm32l4xx_hal_gpio.o
 .debug_abbrev  0x0000000000001a1b      0x22a Drivers/STM32L4xx_HAL_Driver/Src/stm32l4xx_hal_i2c.o
 .debug_abbrev  0x0000000000001c45      0x1b9 Drivers/STM32L4xx_HAL_Driver/Src/stm32l4xx_hal_i2c_ex.o
 .debug_abbrev  0x0000000000001dfe      0x1cb Drivers/STM32L4xx_HAL_Driver/Src/stm32l4xx_hal_pwr_ex.o
 .debug_abbrev  0x0000000000001fc9      0x27b Drivers/STM32L4xx_HAL_Driver/Src/stm32l4xx_hal_rcc.o
 .debug_abbrev  0x0000000000002244      0x238 Drivers/STM32L4xx_HAL_Driver/Src/stm32l4xx_hal_rcc_ex.o
 .debug_abbrev  0x000000000000247c      0x230 Drivers/STM32L4xx_HAL_Driver/Src/stm32l4xx_hal_tim.o
 .debug_abbrev  0x00000000000026ac      0x236 Drivers/STM32L4xx_HAL_Driver/Src/stm32l4xx_hal_tim_ex.o
 .debug_abbrev  0x00000000000028e2      0x212 Drivers/STM32L4xx_HAL_Driver/Src/stm32l4xx_hal_uart.o
 .debug_abbrev  0x0000000000002af4      0x1e2 Drivers/STM32L4xx_HAL_Driver/Src/stm32l4xx_hal_uart_ex.o

.debug_aranges  0x0000000000000000     0x1798
 .debug_aranges
                0x0000000000000000       0x68 Core/Src/main.o
 .debug_aranges
                0x0000000000000068       0x50 Core/Src/stm32l4xx_hal_msp.o
 .debug_aranges
                0x00000000000000b8       0x70 Core/Src/stm32l4xx_it.o
 .debug_aranges
                0x0000000000000128       0x28 Core/Src/system_stm32l4xx.o
 .debug_aranges
                0x0000000000000150       0x28 Core/Startup/startup_stm32l4r9zijx.o
 .debug_aranges
                0x0000000000000178       0xb8 Drivers/BSP/Components/iis2mdc/iis2mdc.o
 .debug_aranges
                0x0000000000000230      0x1a0 Drivers/BSP/Components/iis2mdc/iis2mdc_reg.o
 .debug_aranges
                0x00000000000003d0       0x80 Drivers/BSP/STEVAL-STWINKT1/steval_stwinkt1_bus.o
 .debug_aranges
                0x0000000000000450      0x130 Drivers/STM32L4xx_HAL_Driver/Src/stm32l4xx_hal.o
 .debug_aranges
                0x0000000000000580      0x218 Drivers/STM32L4xx_HAL_Driver/Src/stm32l4xx_hal_adc.o
 .debug_aranges
                0x0000000000000798      0x118 Drivers/STM32L4xx_HAL_Driver/Src/stm32l4xx_hal_cortex.o
 .debug_aranges
                0x00000000000008b0       0x90 Drivers/STM32L4xx_HAL_Driver/Src/stm32l4xx_hal_dma.o
 .debug_aranges
                0x0000000000000940       0x58 Drivers/STM32L4xx_HAL_Driver/Src/stm32l4xx_hal_gpio.o
 .debug_aranges
                0x0000000000000998      0x290 Drivers/STM32L4xx_HAL_Driver/Src/stm32l4xx_hal_i2c.o
 .debug_aranges
                0x0000000000000c28       0x48 Drivers/STM32L4xx_HAL_Driver/Src/stm32l4xx_hal_i2c_ex.o
 .debug_aranges
                0x0000000000000c70      0x170 Drivers/STM32L4xx_HAL_Driver/Src/stm32l4xx_hal_pwr_ex.o
 .debug_aranges
                0x0000000000000de0       0x90 Drivers/STM32L4xx_HAL_Driver/Src/stm32l4xx_hal_rcc.o
 .debug_aranges
                0x0000000000000e70      0x110 Drivers/STM32L4xx_HAL_Driver/Src/stm32l4xx_hal_rcc_ex.o
 .debug_aranges
                0x0000000000000f80      0x3e0 Drivers/STM32L4xx_HAL_Driver/Src/stm32l4xx_hal_tim.o
 .debug_aranges
                0x0000000000001360      0x180 Drivers/STM32L4xx_HAL_Driver/Src/stm32l4xx_hal_tim_ex.o
 .debug_aranges
                0x00000000000014e0      0x230 Drivers/STM32L4xx_HAL_Driver/Src/stm32l4xx_hal_uart.o
 .debug_aranges
                0x0000000000001710       0x88 Drivers/STM32L4xx_HAL_Driver/Src/stm32l4xx_hal_uart_ex.o

.debug_ranges   0x0000000000000000     0x1640
 .debug_ranges  0x0000000000000000       0x58 Core/Src/main.o
 .debug_ranges  0x0000000000000058       0x40 Core/Src/stm32l4xx_hal_msp.o
 .debug_ranges  0x0000000000000098       0x60 Core/Src/stm32l4xx_it.o
 .debug_ranges  0x00000000000000f8       0x18 Core/Src/system_stm32l4xx.o
 .debug_ranges  0x0000000000000110       0x20 Core/Startup/startup_stm32l4r9zijx.o
 .debug_ranges  0x0000000000000130       0xa8 Drivers/BSP/Components/iis2mdc/iis2mdc.o
 .debug_ranges  0x00000000000001d8      0x190 Drivers/BSP/Components/iis2mdc/iis2mdc_reg.o
 .debug_ranges  0x0000000000000368       0x70 Drivers/BSP/STEVAL-STWINKT1/steval_stwinkt1_bus.o
 .debug_ranges  0x00000000000003d8      0x120 Drivers/STM32L4xx_HAL_Driver/Src/stm32l4xx_hal.o
 .debug_ranges  0x00000000000004f8      0x208 Drivers/STM32L4xx_HAL_Driver/Src/stm32l4xx_hal_adc.o
 .debug_ranges  0x0000000000000700      0x108 Drivers/STM32L4xx_HAL_Driver/Src/stm32l4xx_hal_cortex.o
 .debug_ranges  0x0000000000000808       0x80 Drivers/STM32L4xx_HAL_Driver/Src/stm32l4xx_hal_dma.o
 .debug_ranges  0x0000000000000888       0x48 Drivers/STM32L4xx_HAL_Driver/Src/stm32l4xx_hal_gpio.o
 .debug_ranges  0x00000000000008d0      0x280 Drivers/STM32L4xx_HAL_Driver/Src/stm32l4xx_hal_i2c.o
 .debug_ranges  0x0000000000000b50       0x38 Drivers/STM32L4xx_HAL_Driver/Src/stm32l4xx_hal_i2c_ex.o
 .debug_ranges  0x0000000000000b88      0x160 Drivers/STM32L4xx_HAL_Driver/Src/stm32l4xx_hal_pwr_ex.o
 .debug_ranges  0x0000000000000ce8       0x80 Drivers/STM32L4xx_HAL_Driver/Src/stm32l4xx_hal_rcc.o
 .debug_ranges  0x0000000000000d68      0x100 Drivers/STM32L4xx_HAL_Driver/Src/stm32l4xx_hal_rcc_ex.o
 .debug_ranges  0x0000000000000e68      0x3d0 Drivers/STM32L4xx_HAL_Driver/Src/stm32l4xx_hal_tim.o
 .debug_ranges  0x0000000000001238      0x170 Drivers/STM32L4xx_HAL_Driver/Src/stm32l4xx_hal_tim_ex.o
 .debug_ranges  0x00000000000013a8      0x220 Drivers/STM32L4xx_HAL_Driver/Src/stm32l4xx_hal_uart.o
 .debug_ranges  0x00000000000015c8       0x78 Drivers/STM32L4xx_HAL_Driver/Src/stm32l4xx_hal_uart_ex.o

.debug_macro    0x0000000000000000    0x334f0
 .debug_macro   0x0000000000000000      0x332 Core/Src/main.o
 .debug_macro   0x0000000000000332      0xa5a Core/Src/main.o
 .debug_macro   0x0000000000000d8c      0x1b3 Core/Src/main.o
 .debug_macro   0x0000000000000f3f       0x2e Core/Src/main.o
 .debug_macro   0x0000000000000f6d       0x28 Core/Src/main.o
 .debug_macro   0x0000000000000f95       0x22 Core/Src/main.o
 .debug_macro   0x0000000000000fb7       0x8e Core/Src/main.o
 .debug_macro   0x0000000000001045       0x51 Core/Src/main.o
 .debug_macro   0x0000000000001096       0xef Core/Src/main.o
 .debug_macro   0x0000000000001185       0x6a Core/Src/main.o
 .debug_macro   0x00000000000011ef      0x1df Core/Src/main.o
 .debug_macro   0x00000000000013ce       0x1c Core/Src/main.o
 .debug_macro   0x00000000000013ea       0x22 Core/Src/main.o
 .debug_macro   0x000000000000140c      0x101 Core/Src/main.o
 .debug_macro   0x000000000000150d     0x1011 Core/Src/main.o
 .debug_macro   0x000000000000251e      0x11f Core/Src/main.o
 .debug_macro   0x000000000000263d    0x22e7c Core/Src/main.o
 .debug_macro   0x00000000000254b9       0x43 Core/Src/main.o
 .debug_macro   0x00000000000254fc     0x3897 Core/Src/main.o
 .debug_macro   0x0000000000028d93      0x174 Core/Src/main.o
 .debug_macro   0x0000000000028f07       0x5c Core/Src/main.o
 .debug_macro   0x0000000000028f63     0x1917 Core/Src/main.o
 .debug_macro   0x000000000002a87a      0x837 Core/Src/main.o
 .debug_macro   0x000000000002b0b1      0x13d Core/Src/main.o
 .debug_macro   0x000000000002b1ee      0x225 Core/Src/main.o
 .debug_macro   0x000000000002b413      0x486 Core/Src/main.o
 .debug_macro   0x000000000002b899      0x1cf Core/Src/main.o
 .debug_macro   0x000000000002ba68       0x43 Core/Src/main.o
 .debug_macro   0x000000000002baab      0x23d Core/Src/main.o
 .debug_macro   0x000000000002bce8      0xdf4 Core/Src/main.o
 .debug_macro   0x000000000002cadc      0x624 Core/Src/main.o
 .debug_macro   0x000000000002d100      0x24f Core/Src/main.o
 .debug_macro   0x000000000002d34f      0x241 Core/Src/main.o
 .debug_macro   0x000000000002d590      0x416 Core/Src/main.o
 .debug_macro   0x000000000002d9a6       0x1c Core/Src/main.o
 .debug_macro   0x000000000002d9c2       0xf2 Core/Src/main.o
 .debug_macro   0x000000000002dab4      0x22c Core/Src/main.o
 .debug_macro   0x000000000002dce0       0x61 Core/Src/main.o
 .debug_macro   0x000000000002dd41       0xa5 Core/Src/main.o
 .debug_macro   0x000000000002dde6      0x122 Core/Src/main.o
 .debug_macro   0x000000000002df08      0x3f7 Core/Src/main.o
 .debug_macro   0x000000000002e2ff      0xa75 Core/Src/main.o
 .debug_macro   0x000000000002ed74      0x197 Core/Src/main.o
 .debug_macro   0x000000000002ef0b      0x662 Core/Src/main.o
 .debug_macro   0x000000000002f56d       0xa6 Core/Src/main.o
 .debug_macro   0x000000000002f613      0x433 Core/Src/main.o
 .debug_macro   0x000000000002fa46      0x547 Core/Src/main.o
 .debug_macro   0x000000000002ff8d       0x46 Core/Src/main.o
 .debug_macro   0x000000000002ffd3       0x18 Core/Src/main.o
 .debug_macro   0x000000000002ffeb       0x3c Core/Src/main.o
 .debug_macro   0x0000000000030027       0x34 Core/Src/main.o
 .debug_macro   0x000000000003005b       0x52 Core/Src/main.o
 .debug_macro   0x00000000000300ad       0x1f Core/Src/main.o
 .debug_macro   0x00000000000300cc       0x43 Core/Src/main.o
 .debug_macro   0x000000000003010f       0x20 Core/Src/main.o
 .debug_macro   0x000000000003012f      0x1a3 Core/Src/main.o
 .debug_macro   0x00000000000302d2      0x32a Core/Src/main.o
 .debug_macro   0x00000000000305fc       0x10 Core/Src/main.o
 .debug_macro   0x000000000003060c       0x35 Core/Src/main.o
 .debug_macro   0x0000000000030641       0x20 Core/Src/main.o
 .debug_macro   0x0000000000030661      0x1e1 Core/Src/main.o
 .debug_macro   0x0000000000030842       0xde Core/Src/main.o
 .debug_macro   0x0000000000030920       0x2e Core/Src/main.o
 .debug_macro   0x000000000003094e       0x2e Core/Src/main.o
 .debug_macro   0x000000000003097c       0x82 Core/Src/main.o
 .debug_macro   0x00000000000309fe       0x70 Core/Src/main.o
 .debug_macro   0x0000000000030a6e      0x219 Core/Src/stm32l4xx_hal_msp.o
 .debug_macro   0x0000000000030c87      0x223 Core/Src/stm32l4xx_it.o
 .debug_macro   0x0000000000030eaa      0x210 Core/Src/system_stm32l4xx.o
 .debug_macro   0x00000000000310ba      0x154 Drivers/BSP/Components/iis2mdc/iis2mdc.o
 .debug_macro   0x000000000003120e       0x16 Drivers/BSP/Components/iis2mdc/iis2mdc.o
 .debug_macro   0x0000000000031224       0x35 Drivers/BSP/Components/iis2mdc/iis2mdc.o
 .debug_macro   0x0000000000031259      0x115 Drivers/BSP/Components/iis2mdc/iis2mdc_reg.o
 .debug_macro   0x000000000003136e      0x285 Drivers/BSP/STEVAL-STWINKT1/steval_stwinkt1_bus.o
 .debug_macro   0x00000000000315f3       0x28 Drivers/BSP/STEVAL-STWINKT1/steval_stwinkt1_bus.o
 .debug_macro   0x000000000003161b      0x258 Drivers/STM32L4xx_HAL_Driver/Src/stm32l4xx_hal.o
 .debug_macro   0x0000000000031873      0x227 Drivers/STM32L4xx_HAL_Driver/Src/stm32l4xx_hal_adc.o
 .debug_macro   0x0000000000031a9a      0x20a Drivers/STM32L4xx_HAL_Driver/Src/stm32l4xx_hal_cortex.o
 .debug_macro   0x0000000000031ca4      0x20a Drivers/STM32L4xx_HAL_Driver/Src/stm32l4xx_hal_dma.o
 .debug_macro   0x0000000000031eae      0x249 Drivers/STM32L4xx_HAL_Driver/Src/stm32l4xx_hal_gpio.o
 .debug_macro   0x00000000000320f7      0x2cf Drivers/STM32L4xx_HAL_Driver/Src/stm32l4xx_hal_i2c.o
 .debug_macro   0x00000000000323c6      0x20a Drivers/STM32L4xx_HAL_Driver/Src/stm32l4xx_hal_i2c_ex.o
 .debug_macro   0x00000000000325d0      0x234 Drivers/STM32L4xx_HAL_Driver/Src/stm32l4xx_hal_pwr_ex.o
 .debug_macro   0x0000000000032804      0x24c Drivers/STM32L4xx_HAL_Driver/Src/stm32l4xx_hal_rcc.o
 .debug_macro   0x0000000000032a50      0x240 Drivers/STM32L4xx_HAL_Driver/Src/stm32l4xx_hal_rcc_ex.o
 .debug_macro   0x0000000000032c90      0x20b Drivers/STM32L4xx_HAL_Driver/Src/stm32l4xx_hal_tim.o
 .debug_macro   0x0000000000032e9b      0x20a Drivers/STM32L4xx_HAL_Driver/Src/stm32l4xx_hal_tim_ex.o
 .debug_macro   0x00000000000330a5      0x235 Drivers/STM32L4xx_HAL_Driver/Src/stm32l4xx_hal_uart.o
 .debug_macro   0x00000000000332da      0x216 Drivers/STM32L4xx_HAL_Driver/Src/stm32l4xx_hal_uart_ex.o

.debug_line     0x0000000000000000    0x1279d
 .debug_line    0x0000000000000000      0xc8d Core/Src/main.o
 .debug_line    0x0000000000000c8d      0x84d Core/Src/stm32l4xx_hal_msp.o
 .debug_line    0x00000000000014da      0x88b Core/Src/stm32l4xx_it.o
 .debug_line    0x0000000000001d65      0x7e9 Core/Src/system_stm32l4xx.o
 .debug_line    0x000000000000254e       0x87 Core/Startup/startup_stm32l4r9zijx.o
 .debug_line    0x00000000000025d5      0x850 Drivers/BSP/Components/iis2mdc/iis2mdc.o
 .debug_line    0x0000000000002e25      0xa4b Drivers/BSP/Components/iis2mdc/iis2mdc_reg.o
 .debug_line    0x0000000000003870      0x949 Drivers/BSP/STEVAL-STWINKT1/steval_stwinkt1_bus.o
 .debug_line    0x00000000000041b9      0xa60 Drivers/STM32L4xx_HAL_Driver/Src/stm32l4xx_hal.o
 .debug_line    0x0000000000004c19     0x143d Drivers/STM32L4xx_HAL_Driver/Src/stm32l4xx_hal_adc.o
 .debug_line    0x0000000000006056      0xae8 Drivers/STM32L4xx_HAL_Driver/Src/stm32l4xx_hal_cortex.o
 .debug_line    0x0000000000006b3e      0xa38 Drivers/STM32L4xx_HAL_Driver/Src/stm32l4xx_hal_dma.o
 .debug_line    0x0000000000007576      0x98b Drivers/STM32L4xx_HAL_Driver/Src/stm32l4xx_hal_gpio.o
 .debug_line    0x0000000000007f01     0x1ba2 Drivers/STM32L4xx_HAL_Driver/Src/stm32l4xx_hal_i2c.o
 .debug_line    0x0000000000009aa3      0x903 Drivers/STM32L4xx_HAL_Driver/Src/stm32l4xx_hal_i2c_ex.o
 .debug_line    0x000000000000a3a6      0xbda Drivers/STM32L4xx_HAL_Driver/Src/stm32l4xx_hal_pwr_ex.o
 .debug_line    0x000000000000af80      0xb18 Drivers/STM32L4xx_HAL_Driver/Src/stm32l4xx_hal_rcc.o
 .debug_line    0x000000000000ba98      0xf83 Drivers/STM32L4xx_HAL_Driver/Src/stm32l4xx_hal_rcc_ex.o
 .debug_line    0x000000000000ca1b     0x2880 Drivers/STM32L4xx_HAL_Driver/Src/stm32l4xx_hal_tim.o
 .debug_line    0x000000000000f29b     0x1650 Drivers/STM32L4xx_HAL_Driver/Src/stm32l4xx_hal_tim_ex.o
 .debug_line    0x00000000000108eb     0x1484 Drivers/STM32L4xx_HAL_Driver/Src/stm32l4xx_hal_uart.o
 .debug_line    0x0000000000011d6f      0xa2e Drivers/STM32L4xx_HAL_Driver/Src/stm32l4xx_hal_uart_ex.o

.debug_str      0x0000000000000000   0x13d4c5
 .debug_str     0x0000000000000000   0x136b7b Core/Src/main.o
                                     0x1373db (size before relaxing)
 .debug_str     0x0000000000136b7b      0x52a Core/Src/stm32l4xx_hal_msp.o
                                     0x132c1d (size before relaxing)
 .debug_str     0x00000000001370a5       0xe8 Core/Src/stm32l4xx_it.o
                                     0x13230b (size before relaxing)
 .debug_str     0x000000000013718d       0xcd Core/Src/system_stm32l4xx.o
                                     0x1308f1 (size before relaxing)
 .debug_str     0x000000000013725a       0x36 Core/Startup/startup_stm32l4r9zijx.o
                                         0x5f (size before relaxing)
 .debug_str     0x0000000000137290      0x30f Drivers/BSP/Components/iis2mdc/iis2mdc.o
                                       0x818e (size before relaxing)
 .debug_str     0x000000000013759f      0x7ec Drivers/BSP/Components/iis2mdc/iis2mdc_reg.o
                                       0x8371 (size before relaxing)
 .debug_str     0x0000000000137d8b      0x287 Drivers/BSP/STEVAL-STWINKT1/steval_stwinkt1_bus.o
                                     0x1316b2 (size before relaxing)
 .debug_str     0x0000000000138012      0x5ae Drivers/STM32L4xx_HAL_Driver/Src/stm32l4xx_hal.o
                                     0x13143e (size before relaxing)
 .debug_str     0x00000000001385c0      0x9a9 Drivers/STM32L4xx_HAL_Driver/Src/stm32l4xx_hal_adc.o
                                     0x13170d (size before relaxing)
 .debug_str     0x0000000000138f69      0x389 Drivers/STM32L4xx_HAL_Driver/Src/stm32l4xx_hal_cortex.o
                                     0x131189 (size before relaxing)
 .debug_str     0x00000000001392f2      0x2a1 Drivers/STM32L4xx_HAL_Driver/Src/stm32l4xx_hal_dma.o
                                     0x130c67 (size before relaxing)
 .debug_str     0x0000000000139593      0x236 Drivers/STM32L4xx_HAL_Driver/Src/stm32l4xx_hal_gpio.o
                                     0x130b5d (size before relaxing)
 .debug_str     0x00000000001397c9      0xd60 Drivers/STM32L4xx_HAL_Driver/Src/stm32l4xx_hal_i2c.o
                                     0x131aca (size before relaxing)
 .debug_str     0x000000000013a529       0xb8 Drivers/STM32L4xx_HAL_Driver/Src/stm32l4xx_hal_i2c_ex.o
                                     0x130ee7 (size before relaxing)
 .debug_str     0x000000000013a5e1      0x576 Drivers/STM32L4xx_HAL_Driver/Src/stm32l4xx_hal_pwr_ex.o
                                     0x130ebf (size before relaxing)
 .debug_str     0x000000000013ab57      0x3d0 Drivers/STM32L4xx_HAL_Driver/Src/stm32l4xx_hal_rcc.o
                                     0x130ecc (size before relaxing)
 .debug_str     0x000000000013af27      0x59a Drivers/STM32L4xx_HAL_Driver/Src/stm32l4xx_hal_rcc_ex.o
                                     0x1312ca (size before relaxing)
 .debug_str     0x000000000013b4c1      0xe1d Drivers/STM32L4xx_HAL_Driver/Src/stm32l4xx_hal_tim.o
                                     0x131c41 (size before relaxing)
 .debug_str     0x000000000013c2de      0x67b Drivers/STM32L4xx_HAL_Driver/Src/stm32l4xx_hal_tim_ex.o
                                     0x131535 (size before relaxing)
 .debug_str     0x000000000013c959      0x8e6 Drivers/STM32L4xx_HAL_Driver/Src/stm32l4xx_hal_uart.o
                                     0x13169e (size before relaxing)
 .debug_str     0x000000000013d23f      0x286 Drivers/STM32L4xx_HAL_Driver/Src/stm32l4xx_hal_uart_ex.o
                                     0x130eb3 (size before relaxing)

.comment        0x0000000000000000       0x7b
 .comment       0x0000000000000000       0x7b Core/Src/main.o
                                         0x7c (size before relaxing)
 .comment       0x000000000000007b       0x7c Core/Src/stm32l4xx_hal_msp.o
 .comment       0x000000000000007b       0x7c Core/Src/stm32l4xx_it.o
 .comment       0x000000000000007b       0x7c Core/Src/system_stm32l4xx.o
 .comment       0x000000000000007b       0x7c Drivers/BSP/Components/iis2mdc/iis2mdc.o
 .comment       0x000000000000007b       0x7c Drivers/BSP/Components/iis2mdc/iis2mdc_reg.o
 .comment       0x000000000000007b       0x7c Drivers/BSP/STEVAL-STWINKT1/steval_stwinkt1_bus.o
 .comment       0x000000000000007b       0x7c Drivers/STM32L4xx_HAL_Driver/Src/stm32l4xx_hal.o
 .comment       0x000000000000007b       0x7c Drivers/STM32L4xx_HAL_Driver/Src/stm32l4xx_hal_adc.o
 .comment       0x000000000000007b       0x7c Drivers/STM32L4xx_HAL_Driver/Src/stm32l4xx_hal_cortex.o
 .comment       0x000000000000007b       0x7c Drivers/STM32L4xx_HAL_Driver/Src/stm32l4xx_hal_dma.o
 .comment       0x000000000000007b       0x7c Drivers/STM32L4xx_HAL_Driver/Src/stm32l4xx_hal_gpio.o
 .comment       0x000000000000007b       0x7c Drivers/STM32L4xx_HAL_Driver/Src/stm32l4xx_hal_i2c.o
 .comment       0x000000000000007b       0x7c Drivers/STM32L4xx_HAL_Driver/Src/stm32l4xx_hal_i2c_ex.o
 .comment       0x000000000000007b       0x7c Drivers/STM32L4xx_HAL_Driver/Src/stm32l4xx_hal_pwr_ex.o
 .comment       0x000000000000007b       0x7c Drivers/STM32L4xx_HAL_Driver/Src/stm32l4xx_hal_rcc.o
 .comment       0x000000000000007b       0x7c Drivers/STM32L4xx_HAL_Driver/Src/stm32l4xx_hal_rcc_ex.o
 .comment       0x000000000000007b       0x7c Drivers/STM32L4xx_HAL_Driver/Src/stm32l4xx_hal_tim.o
 .comment       0x000000000000007b       0x7c Drivers/STM32L4xx_HAL_Driver/Src/stm32l4xx_hal_tim_ex.o
 .comment       0x000000000000007b       0x7c Drivers/STM32L4xx_HAL_Driver/Src/stm32l4xx_hal_uart.o
 .comment       0x000000000000007b       0x7c Drivers/STM32L4xx_HAL_Driver/Src/stm32l4xx_hal_uart_ex.o

.debug_frame    0x0000000000000000     0x6560
 .debug_frame   0x0000000000000000      0x160 Core/Src/main.o
 .debug_frame   0x0000000000000160      0x110 Core/Src/stm32l4xx_hal_msp.o
 .debug_frame   0x0000000000000270      0x13c Core/Src/stm32l4xx_it.o
 .debug_frame   0x00000000000003ac       0x58 Core/Src/system_stm32l4xx.o
 .debug_frame   0x0000000000000404      0x2fc Drivers/BSP/Components/iis2mdc/iis2mdc.o
 .debug_frame   0x0000000000000700      0x704 Drivers/BSP/Components/iis2mdc/iis2mdc_reg.o
 .debug_frame   0x0000000000000e04      0x1dc Drivers/BSP/STEVAL-STWINKT1/steval_stwinkt1_bus.o
 .debug_frame   0x0000000000000fe0      0x498 Drivers/STM32L4xx_HAL_Driver/Src/stm32l4xx_hal.o
 .debug_frame   0x0000000000001478      0x9d8 Drivers/STM32L4xx_HAL_Driver/Src/stm32l4xx_hal_adc.o
 .debug_frame   0x0000000000001e50      0x498 Drivers/STM32L4xx_HAL_Driver/Src/stm32l4xx_hal_cortex.o
 .debug_frame   0x00000000000022e8      0x24c Drivers/STM32L4xx_HAL_Driver/Src/stm32l4xx_hal_dma.o
 .debug_frame   0x0000000000002534      0x14c Drivers/STM32L4xx_HAL_Driver/Src/stm32l4xx_hal_gpio.o
 .debug_frame   0x0000000000002680      0xbe8 Drivers/STM32L4xx_HAL_Driver/Src/stm32l4xx_hal_i2c.o
 .debug_frame   0x0000000000003268      0x100 Drivers/STM32L4xx_HAL_Driver/Src/stm32l4xx_hal_i2c_ex.o
 .debug_frame   0x0000000000003368      0x5c4 Drivers/STM32L4xx_HAL_Driver/Src/stm32l4xx_hal_pwr_ex.o
 .debug_frame   0x000000000000392c      0x220 Drivers/STM32L4xx_HAL_Driver/Src/stm32l4xx_hal_rcc.o
 .debug_frame   0x0000000000003b4c      0x464 Drivers/STM32L4xx_HAL_Driver/Src/stm32l4xx_hal_rcc_ex.o
 .debug_frame   0x0000000000003fb0     0x121c Drivers/STM32L4xx_HAL_Driver/Src/stm32l4xx_hal_tim.o
 .debug_frame   0x00000000000051cc      0x6b0 Drivers/STM32L4xx_HAL_Driver/Src/stm32l4xx_hal_tim_ex.o
 .debug_frame   0x000000000000587c      0xa0c Drivers/STM32L4xx_HAL_Driver/Src/stm32l4xx_hal_uart.o
 .debug_frame   0x0000000000006288      0x22c Drivers/STM32L4xx_HAL_Driver/Src/stm32l4xx_hal_uart_ex.o
 .debug_frame   0x00000000000064b4       0x2c d:/archivosdprograma/stm32cubeide_1.5.0/stm32cubeide/plugins/com.st.stm32cube.ide.mcu.externaltools.gnu-tools-for-stm32.7-2018-q2-update.win32_1.5.0.202011040924/tools/bin/../lib/gcc/arm-none-eabi/7.3.1/../../../../arm-none-eabi/lib/thumb/v7e-m/fpv4-sp/hard\libc_nano.a(lib_a-init.o)
 .debug_frame   0x00000000000064e0       0x20 d:/archivosdprograma/stm32cubeide_1.5.0/stm32cubeide/plugins/com.st.stm32cube.ide.mcu.externaltools.gnu-tools-for-stm32.7-2018-q2-update.win32_1.5.0.202011040924/tools/bin/../lib/gcc/arm-none-eabi/7.3.1/../../../../arm-none-eabi/lib/thumb/v7e-m/fpv4-sp/hard\libc_nano.a(lib_a-memset.o)
 .debug_frame   0x0000000000006500       0x2c d:/archivosdprograma/stm32cubeide_1.5.0/stm32cubeide/plugins/com.st.stm32cube.ide.mcu.externaltools.gnu-tools-for-stm32.7-2018-q2-update.win32_1.5.0.202011040924/tools/bin/../lib/gcc/arm-none-eabi/7.3.1/thumb/v7e-m/fpv4-sp/hard\libgcc.a(_aeabi_uldivmod.o)
 .debug_frame   0x000000000000652c       0x34 d:/archivosdprograma/stm32cubeide_1.5.0/stm32cubeide/plugins/com.st.stm32cube.ide.mcu.externaltools.gnu-tools-for-stm32.7-2018-q2-update.win32_1.5.0.202011040924/tools/bin/../lib/gcc/arm-none-eabi/7.3.1/thumb/v7e-m/fpv4-sp/hard\libgcc.a(_udivmoddi4.o)
